Component: ARM Compiler 5.06 update 2 (build 183) Tool: armlink [4d35b7]

==============================================================================

Section Cross References

    stm32f7xx_hal_flash.o(i.FLASH_SetErrorCode) refers to stm32f7xx_hal_flash.o(.bss) for .bss
    stm32f7xx_hal_flash.o(i.FLASH_WaitForLastOperation) refers to stm32f7xx_hal.o(i.HAL_GetTick) for HAL_GetTick
    stm32f7xx_hal_flash.o(i.FLASH_WaitForLastOperation) refers to stm32f7xx_hal_flash.o(i.FLASH_SetErrorCode) for FLASH_SetErrorCode
    stm32f7xx_hal_flash.o(i.FLASH_WaitForLastOperation) refers to stm32f7xx_hal_flash.o(.bss) for .bss
    stm32f7xx_hal_flash.o(i.HAL_FLASH_GetError) refers to stm32f7xx_hal_flash.o(.bss) for .bss
    stm32f7xx_hal_flash.o(i.HAL_FLASH_IRQHandler) refers to stm32f7xx_hal_flash.o(i.HAL_FLASH_EndOfOperationCallback) for HAL_FLASH_EndOfOperationCallback
    stm32f7xx_hal_flash.o(i.HAL_FLASH_IRQHandler) refers to stm32f7xx_hal_flash_ex.o(i.FLASH_Erase_Sector) for FLASH_Erase_Sector
    stm32f7xx_hal_flash.o(i.HAL_FLASH_IRQHandler) refers to stm32f7xx_hal_flash.o(i.FLASH_SetErrorCode) for FLASH_SetErrorCode
    stm32f7xx_hal_flash.o(i.HAL_FLASH_IRQHandler) refers to stm32f7xx_hal_flash.o(i.HAL_FLASH_OperationErrorCallback) for HAL_FLASH_OperationErrorCallback
    stm32f7xx_hal_flash.o(i.HAL_FLASH_IRQHandler) refers to stm32f7xx_hal_flash.o(.bss) for .bss
    stm32f7xx_hal_flash.o(i.HAL_FLASH_OB_Launch) refers to stm32f7xx_hal_flash.o(i.FLASH_WaitForLastOperation) for FLASH_WaitForLastOperation
    stm32f7xx_hal_flash.o(i.HAL_FLASH_Program) refers to stm32f7xx_hal_flash.o(i.FLASH_WaitForLastOperation) for FLASH_WaitForLastOperation
    stm32f7xx_hal_flash.o(i.HAL_FLASH_Program) refers to stm32f7xx_hal_flash.o(i.FLASH_Program_Byte) for FLASH_Program_Byte
    stm32f7xx_hal_flash.o(i.HAL_FLASH_Program) refers to stm32f7xx_hal_flash.o(i.FLASH_Program_HalfWord) for FLASH_Program_HalfWord
    stm32f7xx_hal_flash.o(i.HAL_FLASH_Program) refers to stm32f7xx_hal_flash.o(i.FLASH_Program_Word) for FLASH_Program_Word
    stm32f7xx_hal_flash.o(i.HAL_FLASH_Program) refers to stm32f7xx_hal_flash.o(i.FLASH_Program_DoubleWord) for FLASH_Program_DoubleWord
    stm32f7xx_hal_flash.o(i.HAL_FLASH_Program) refers to stm32f7xx_hal_flash.o(.bss) for .bss
    stm32f7xx_hal_flash.o(i.HAL_FLASH_Program_IT) refers to stm32f7xx_hal_flash.o(i.FLASH_Program_Byte) for FLASH_Program_Byte
    stm32f7xx_hal_flash.o(i.HAL_FLASH_Program_IT) refers to stm32f7xx_hal_flash.o(i.FLASH_Program_HalfWord) for FLASH_Program_HalfWord
    stm32f7xx_hal_flash.o(i.HAL_FLASH_Program_IT) refers to stm32f7xx_hal_flash.o(i.FLASH_Program_Word) for FLASH_Program_Word
    stm32f7xx_hal_flash.o(i.HAL_FLASH_Program_IT) refers to stm32f7xx_hal_flash.o(i.FLASH_Program_DoubleWord) for FLASH_Program_DoubleWord
    stm32f7xx_hal_flash.o(i.HAL_FLASH_Program_IT) refers to stm32f7xx_hal_flash.o(.bss) for .bss
    stm32f7xx_hal_dma_ex.o(i.HAL_DMAEx_MultiBufferStart) refers to stm32f7xx_hal_dma_ex.o(i.DMA_MultiBufferSetConfig) for DMA_MultiBufferSetConfig
    stm32f7xx_hal_dma_ex.o(i.HAL_DMAEx_MultiBufferStart_IT) refers to stm32f7xx_hal_dma_ex.o(i.DMA_MultiBufferSetConfig) for DMA_MultiBufferSetConfig
    stm32f7xx_ll_usb.o(i.USB_ActivateDedicatedEndpoint) refers to stm32f7xx_ll_usb.o(.data) for .data
    stm32f7xx_ll_usb.o(i.USB_CoreInit) refers to stm32f7xx_ll_usb.o(i.USB_CoreReset) for USB_CoreReset
    stm32f7xx_ll_usb.o(i.USB_DevConnect) refers to stm32f7xx_hal.o(i.HAL_Delay) for HAL_Delay
    stm32f7xx_ll_usb.o(i.USB_DevDisconnect) refers to stm32f7xx_hal.o(i.HAL_Delay) for HAL_Delay
    stm32f7xx_ll_usb.o(i.USB_DevInit) refers to stm32f7xx_ll_usb.o(i.USB_FlushTxFifo) for USB_FlushTxFifo
    stm32f7xx_ll_usb.o(i.USB_DevInit) refers to stm32f7xx_ll_usb.o(i.USB_FlushRxFifo) for USB_FlushRxFifo
    stm32f7xx_ll_usb.o(i.USB_EPStartXfer) refers to stm32f7xx_ll_usb.o(i.USB_WritePacket) for USB_WritePacket
    stm32f7xx_ll_usb.o(i.USB_HC_StartXfer) refers to stm32f7xx_ll_usb.o(i.USB_DoPing) for USB_DoPing
    stm32f7xx_ll_usb.o(i.USB_HC_StartXfer) refers to stm32f7xx_ll_usb.o(i.USB_WritePacket) for USB_WritePacket
    stm32f7xx_ll_usb.o(i.USB_HostInit) refers to stm32f7xx_ll_usb.o(i.USB_FlushTxFifo) for USB_FlushTxFifo
    stm32f7xx_ll_usb.o(i.USB_HostInit) refers to stm32f7xx_ll_usb.o(i.USB_FlushRxFifo) for USB_FlushRxFifo
    stm32f7xx_ll_usb.o(i.USB_HostInit) refers to stm32f7xx_ll_usb.o(i.USB_DriveVbus) for USB_DriveVbus
    stm32f7xx_ll_usb.o(i.USB_HostInit) refers to stm32f7xx_hal.o(i.HAL_Delay) for HAL_Delay
    stm32f7xx_ll_usb.o(i.USB_ResetPort) refers to stm32f7xx_hal.o(i.HAL_Delay) for HAL_Delay
    stm32f7xx_ll_usb.o(i.USB_SetCurrentMode) refers to stm32f7xx_hal.o(i.HAL_Delay) for HAL_Delay
    stm32f7xx_ll_usb.o(i.USB_StopDevice) refers to stm32f7xx_ll_usb.o(i.USB_FlushRxFifo) for USB_FlushRxFifo
    stm32f7xx_ll_usb.o(i.USB_StopDevice) refers to stm32f7xx_ll_usb.o(i.USB_FlushTxFifo) for USB_FlushTxFifo
[...]
    Removing system_stm32f7xx.o(i.SystemCoreClockUpdate), (128 bytes).
    Removing usbd_hid.o(.rev16_text), (4 bytes).
    Removing usbd_hid.o(.revsh_text), (4 bytes).
    Removing usbd_hid.o(.rrx_text), (6 bytes).
    Removing usbd_hid.o(i.USBD_HID_GetPollingInterval), (12 bytes).
    Removing usbd_hid.o(i.USBD_HID_SendReport), (36 bytes).
    Removing usbd_ctlreq.o(.rev16_text), (4 bytes).
    Removing usbd_ctlreq.o(.revsh_text), (4 bytes).
    Removing usbd_ctlreq.o(.rrx_text), (6 bytes).
    Removing usbd_ioreq.o(.rev16_text), (4 bytes).
    Removing usbd_ioreq.o(.revsh_text), (4 bytes).
    Removing usbd_ioreq.o(.rrx_text), (6 bytes).
    Removing usbd_ioreq.o(i.USBD_CtlPrepareRx), (30 bytes).
    Removing usbd_ioreq.o(i.USBD_GetRxCount), (10 bytes).
    Removing usbd_core.o(.rev16_text), (4 bytes).
    Removing usbd_core.o(.revsh_text), (4 bytes).
    Removing usbd_core.o(.rrx_text), (6 bytes).
    Removing usbd_core.o(i.USBD_DeInit), (40 bytes).
    Removing usbd_core.o(i.USBD_RunTestMode), (4 bytes).
    Removing usbd_core.o(i.USBD_Stop), (28 bytes).

521 unused section(s) (total 35636 bytes) removed from the image.

==============================================================================

Image Symbol Table

    Local Symbols

    Symbol Name                              Value     Ov Type        Size  Object(Section)

    ../Drivers/CMSIS//Device/ST/STM32F7xx/Source/Templates/system_stm32f7xx.c 0x00000000   Number         0  system_stm32f7xx.o ABSOLUTE
    ../Drivers/STM32F7xx_HAL_Driver/Src/stm32f7xx_hal.c 0x00000000   Number         0  stm32f7xx_hal.o ABSOLUTE
    ../Drivers/STM32F7xx_HAL_Driver/Src/stm32f7xx_hal_cortex.c 0x00000000   Number         0  stm32f7xx_hal_cortex.o ABSOLUTE
    ../Drivers/STM32F7xx_HAL_Driver/Src/stm32f7xx_hal_dma.c 0x00000000   Number         0  stm32f7xx_hal_dma.o ABSOLUTE
    ../Drivers/STM32F7xx_HAL_Driver/Src/stm32f7xx_hal_dma_ex.c 0x00000000   Number         0  stm32f7xx_hal_dma_ex.o ABSOLUTE
    ../Drivers/STM32F7xx_HAL_Driver/Src/stm32f7xx_hal_flash.c 0x00000000   Number         0  stm32f7xx_hal_flash.o ABSOLUTE
    ../Drivers/STM32F7xx_HAL_Driver/Src/stm32f7xx_hal_flash_ex.c 0x00000000   Number         0  stm32f7xx_hal_flash_ex.o ABSOLUTE
    ../Drivers/STM32F7xx_HAL_Driver/Src/stm32f7xx_hal_gpio.c 0x00000000   Number         0  stm32f7xx_hal_gpio.o ABSOLUTE
    ../Drivers/STM32F7xx_HAL_Driver/Src/stm32f7xx_hal_i2c.c 0x00000000   Number         0  stm32f7xx_hal_i2c.o ABSOLUTE
    ../Drivers/STM32F7xx_HAL_Driver/Src/stm32f7xx_hal_i2c_ex.c 0x00000000   Number         0  stm32f7xx_hal_i2c_ex.o ABSOLUTE
    ../Drivers/STM32F7xx_HAL_Driver/Src/stm32f7xx_hal_pcd.c 0x00000000   Number         0  stm32f7xx_hal_pcd.o ABSOLUTE
    ../Drivers/STM32F7xx_HAL_Driver/Src/stm32f7xx_hal_pcd_ex.c 0x00000000   Number         0  stm32f7xx_hal_pcd_ex.o ABSOLUTE
    ../Drivers/STM32F7xx_HAL_Driver/Src/stm32f7xx_hal_pwr.c 0x00000000   Number         0  stm32f7xx_hal_pwr.o ABSOLUTE
    ../Drivers/STM32F7xx_HAL_Driver/Src/stm32f7xx_hal_pwr_ex.c 0x00000000   Number         0  stm32f7xx_hal_pwr_ex.o ABSOLUTE
    ../Drivers/STM32F7xx_HAL_Driver/Src/stm32f7xx_hal_rcc.c 0x00000000   Number         0  stm32f7xx_hal_rcc.o ABSOLUTE
    ../Drivers/STM32F7xx_HAL_Driver/Src/stm32f7xx_hal_rcc_ex.c 0x00000000   Number         0  stm32f7xx_hal_rcc_ex.o ABSOLUTE
    ../Drivers/STM32F7xx_HAL_Driver/Src/stm32f7xx_hal_tim.c 0x00000000   Number         0  stm32f7xx_hal_tim.o ABSOLUTE
    ../Drivers/STM32F7xx_HAL_Driver/Src/stm32f7xx_hal_tim_ex.c 0x00000000   Number         0  stm32f7xx_hal_tim_ex.o ABSOLUTE
    ../Drivers/STM32F7xx_HAL_Driver/Src/stm32f7xx_hal_uart.c 0x00000000   Number         0  stm32f7xx_hal_uart.o ABSOLUTE
    ../Drivers/STM32F7xx_HAL_Driver/Src/stm32f7xx_ll_usb.c 0x00000000   Number         0  stm32f7xx_ll_usb.o ABSOLUTE
    ../Middlewares/ST/STM32_USB_Device_Library/Class/HID/Src/usbd_hid.c 0x00000000   Number         0  usbd_hid.o ABSOLUTE
    ../Middlewares/ST/STM32_USB_Device_Library/Core/Src/usbd_core.c 0x00000000   Number         0  usbd_core.o ABSOLUTE
    ../Middlewares/ST/STM32_USB_Device_Library/Core/Src/usbd_ctlreq.c 0x00000000   Number         0  usbd_ctlreq.o ABSOLUTE
    ../Middlewares/ST/STM32_USB_Device_Library/Core/Src/usbd_ioreq.c 0x00000000   Number         0  usbd_ioreq.o ABSOLUTE
    ../Src/main.c                            0x00000000   Number         0  main.o ABSOLUTE
    ../Src/stm32f7xx_hal_msp.c               0x00000000   Number         0  stm32f7xx_hal_msp.o ABSOLUTE
    ../Src/stm32f7xx_hal_timebase_TIM.c      0x00000000   Number         0  stm32f7xx_hal_timebase_tim.o ABSOLUTE
    ../Src/stm32f7xx_it.c                    0x00000000   Number         0  stm32f7xx_it.o ABSOLUTE
    ../Src/usb_device.c                      0x00000000   Number         0  usb_device.o ABSOLUTE
    ../Src/usbd_conf.c                       0x00000000   Number         0  usbd_conf.o ABSOLUTE
    ../Src/usbd_desc.c                       0x00000000   Number         0  usbd_desc.o ABSOLUTE
    ../clib/microlib/init/entry.s            0x00000000   Number         0  entry2.o ABSOLUTE
    ../clib/microlib/init/entry.s            0x00000000   Number         0  entry5.o ABSOLUTE
    ../clib/microlib/init/entry.s            0x00000000   Number         0  entry8b.o ABSOLUTE
    ../clib/microlib/init/entry.s            0x00000000   Number         0  entry8a.o ABSOLUTE
    ../clib/microlib/init/entry.s            0x00000000   Number         0  entry7a.o ABSOLUTE
    ../clib/microlib/init/entry.s            0x00000000   Number         0  entry7b.o ABSOLUTE
    ../clib/microlib/init/entry.s            0x00000000   Number         0  entry.o ABSOLUTE
    ../clib/microlib/init/entry.s            0x00000000   Number         0  entry10b.o ABSOLUTE
    ../clib/microlib/init/entry.s            0x00000000   Number         0  entry11a.o ABSOLUTE
    ../clib/microlib/init/entry.s            0x00000000   Number         0  entry11b.o ABSOLUTE
    ../clib/microlib/init/entry.s            0x00000000   Number         0  entry9b.o ABSOLUTE
    ../clib/microlib/init/entry.s            0x00000000   Number         0  entry9a.o ABSOLUTE
    ../clib/microlib/init/entry.s            0x00000000   Number         0  entry10a.o ABSOLUTE
    ../clib/microlib/malloc/malloc.c         0x00000000   Number         0  mallocr.o ABSOLUTE
    ../clib/microlib/malloc/malloc.c         0x00000000   Number         0  malloc.o ABSOLUTE
    ../clib/microlib/malloc/malloc.c         0x00000000   Number         0  mallocra.o ABSOLUTE
    ../clib/microlib/malloc/malloc.c         0x00000000   Number         0  malloca.o ABSOLUTE
    ../clib/microlib/malloc/mvars.c          0x00000000   Number         0  mvars.o ABSOLUTE
    ../clib/microlib/string/memcpy.c         0x00000000   Number         0  memcpyb.o ABSOLUTE
    ../clib/microlib/string/memcpy.c         0x00000000   Number         0  memcpya.o ABSOLUTE
    ..\Drivers\CMSIS\\Device\ST\STM32F7xx\Source\Templates\system_stm32f7xx.c 0x00000000   Number         0  system_stm32f7xx.o ABSOLUTE
    ..\Drivers\STM32F7xx_HAL_Driver\Src\stm32f7xx_hal.c 0x00000000   Number         0  stm32f7xx_hal.o ABSOLUTE
    ..\Drivers\STM32F7xx_HAL_Driver\Src\stm32f7xx_hal_cortex.c 0x00000000   Number         0  stm32f7xx_hal_cortex.o ABSOLUTE
    ..\Drivers\STM32F7xx_HAL_Driver\Src\stm32f7xx_hal_dma.c 0x00000000   Number         0  stm32f7xx_hal_dma.o ABSOLUTE
    ..\Drivers\STM32F7xx_HAL_Driver\Src\stm32f7xx_hal_dma_ex.c 0x00000000   Number         0  stm32f7xx_hal_dma_ex.o ABSOLUTE
    ..\Drivers\STM32F7xx_HAL_Driver\Src\stm32f7xx_hal_flash.c 0x00000000   Number         0  stm32f7xx_hal_flash.o ABSOLUTE
    ..\Drivers\STM32F7xx_HAL_Driver\Src\stm32f7xx_hal_flash_ex.c 0x00000000   Number         0  stm32f7xx_hal_flash_ex.o ABSOLUTE
    ..\Drivers\STM32F7xx_HAL_Driver\Src\stm32f7xx_hal_gpio.c 0x00000000   Number         0  stm32f7xx_hal_gpio.o ABSOLUTE
    ..\Drivers\STM32F7xx_HAL_Driver\Src\stm32f7xx_hal_i2c.c 0x00000000   Number         0  stm32f7xx_hal_i2c.o ABSOLUTE
    ..\Drivers\STM32F7xx_HAL_Driver\Src\stm32f7xx_hal_i2c_ex.c 0x00000000   Number         0  stm32f7xx_hal_i2c_ex.o ABSOLUTE
    ..\Drivers\STM32F7xx_HAL_Driver\Src\stm32f7xx_hal_pcd.c 0x00000000   Number         0  stm32f7xx_hal_pcd.o ABSOLUTE
    ..\Drivers\STM32F7xx_HAL_Driver\Src\stm32f7xx_hal_pcd_ex.c 0x00000000   Number         0  stm32f7xx_hal_pcd_ex.o ABSOLUTE
    ..\Drivers\STM32F7xx_HAL_Driver\Src\stm32f7xx_hal_pwr.c 0x00000000   Number         0  stm32f7xx_hal_pwr.o ABSOLUTE
    ..\Drivers\STM32F7xx_HAL_Driver\Src\stm32f7xx_hal_pwr_ex.c 0x00000000   Number         0  stm32f7xx_hal_pwr_ex.o ABSOLUTE
    ..\Drivers\STM32F7xx_HAL_Driver\Src\stm32f7xx_hal_rcc.c 0x00000000   Number         0  stm32f7xx_hal_rcc.o ABSOLUTE
    ..\Drivers\STM32F7xx_HAL_Driver\Src\stm32f7xx_hal_rcc_ex.c 0x00000000   Number         0  stm32f7xx_hal_rcc_ex.o ABSOLUTE
    ..\Drivers\STM32F7xx_HAL_Driver\Src\stm32f7xx_hal_tim.c 0x00000000   Number         0  stm32f7xx_hal_tim.o ABSOLUTE
    ..\Drivers\STM32F7xx_HAL_Driver\Src\stm32f7xx_hal_tim_ex.c 0x00000000   Number         0  stm32f7xx_hal_tim_ex.o ABSOLUTE
    ..\Drivers\STM32F7xx_HAL_Driver\Src\stm32f7xx_hal_uart.c 0x00000000   Number         0  stm32f7xx_hal_uart.o ABSOLUTE
    ..\Drivers\STM32F7xx_HAL_Driver\Src\stm32f7xx_ll_usb.c 0x00000000   Number         0  stm32f7xx_ll_usb.o ABSOLUTE
    ..\Middlewares\ST\STM32_USB_Device_Library\Class\HID\Src\usbd_hid.c 0x00000000   Number         0  usbd_hid.o ABSOLUTE
    ..\Middlewares\ST\STM32_USB_Device_Library\Core\Src\usbd_core.c 0x00000000   Number         0  usbd_core.o ABSOLUTE
    ..\Middlewares\ST\STM32_USB_Device_Library\Core\Src\usbd_ctlreq.c 0x00000000   Number         0  usbd_ctlreq.o ABSOLUTE
    ..\Middlewares\ST\STM32_USB_Device_Library\Core\Src\usbd_ioreq.c 0x00000000   Number         0  usbd_ioreq.o ABSOLUTE
    ..\Src\main.c                            0x00000000   Number         0  main.o ABSOLUTE
    ..\Src\stm32f7xx_hal_msp.c               0x00000000   Number         0  stm32f7xx_hal_msp.o ABSOLUTE
    ..\Src\stm32f7xx_hal_timebase_TIM.c      0x00000000   Number         0  stm32f7xx_hal_timebase_tim.o ABSOLUTE
    ..\Src\stm32f7xx_it.c                    0x00000000   Number         0  stm32f7xx_it.o ABSOLUTE
    ..\Src\usb_device.c                      0x00000000   Number         0  usb_device.o ABSOLUTE
    ..\Src\usbd_conf.c                       0x00000000   Number         0  usbd_conf.o ABSOLUTE
    ..\Src\usbd_desc.c                       0x00000000   Number         0  usbd_desc.o ABSOLUTE
    dc.s                                     0x00000000   Number         0  dc.o ABSOLUTE
    handlers.s                               0x00000000   Number         0  handlers.o ABSOLUTE
    init.s                                   0x00000000   Number         0  init.o ABSOLUTE
    startup_stm32f746xx.s                    0x00000000   Number         0  startup_stm32f746xx.o ABSOLUTE
    RESET                                    0x08000000   Section      456  startup_stm32f746xx.o(RESET)
    .ARM.Collect$$$$00000000                 0x080001c8   Section        0  entry.o(.ARM.Collect$$$$00000000)
    .ARM.Collect$$$$00000001                 0x080001c8   Section        4  entry2.o(.ARM.Collect$$$$00000001)
    .ARM.Collect$$$$00000004                 0x080001cc   Section        4  entry5.o(.ARM.Collect$$$$00000004)
    .ARM.Collect$$$$00000008                 0x080001d0   Section        0  entry7b.o(.ARM.Collect$$$$00000008)
    .ARM.Collect$$$$0000000A                 0x080001d0   Section        0  entry8b.o(.ARM.Collect$$$$0000000A)
    .ARM.Collect$$$$0000000B                 0x080001d0   Section        8  entry9a.o(.ARM.Collect$$$$0000000B)
    .ARM.Collect$$$$0000000D                 0x080001d8   Section        0  entry10a.o(.ARM.Collect$$$$0000000D)
    .ARM.Collect$$$$0000000F                 0x080001d8   Section        0  entry11a.o(.ARM.Collect$$$$0000000F)
    .ARM.Collect$$$$00002712                 0x080001d8   Section        4  entry2.o(.ARM.Collect$$$$00002712)
    __lit__00000000                          0x080001d8   Data           4  entry2.o(.ARM.Collect$$$$00002712)
    .text                                    0x080001dc   Section       36  startup_stm32f746xx.o(.text)
    $v0                                      0x080001dc   Number         0  startup_stm32f746xx.o(.text)
    .text                                    0x08000200   Section        0  memcpya.o(.text)
    .text                                    0x08000224   Section       36  init.o(.text)
    i.Error_Handler                          0x08000248   Section        0  main.o(i.Error_Handler)
    i.HAL_Delay                              0x08000260   Section        0  stm32f7xx_hal.o(i.HAL_Delay)
    i.HAL_GPIO_Init                          0x08000278   Section        0  stm32f7xx_hal_gpio.o(i.HAL_GPIO_Init)
    i.HAL_GPIO_TogglePin                     0x08000450   Section        0  stm32f7xx_hal_gpio.o(i.HAL_GPIO_TogglePin)
    i.HAL_GPIO_WritePin                      0x08000458   Section        0  stm32f7xx_hal_gpio.o(i.HAL_GPIO_WritePin)
    i.HAL_GetTick                            0x08000464   Section        0  stm32f7xx_hal.o(i.HAL_GetTick)
    i.HAL_IncTick                            0x08000470   Section        0  stm32f7xx_hal.o(i.HAL_IncTick)
    i.HAL_Init                               0x08000480   Section        0  stm32f7xx_hal.o(i.HAL_Init)
    i.HAL_InitTick                           0x08000498   Section        0  stm32f7xx_hal_timebase_tim.o(i.HAL_InitTick)
    i.HAL_MspInit                            0x0800050c   Section        0  stm32f7xx_hal_msp.o(i.HAL_MspInit)
    i.HAL_NVIC_EnableIRQ                     0x08000564   Section        0  stm32f7xx_hal_cortex.o(i.HAL_NVIC_EnableIRQ)
    i.HAL_NVIC_SetPriority                   0x0800057c   Section        0  stm32f7xx_hal_cortex.o(i.HAL_NVIC_SetPriority)
    i.HAL_NVIC_SetPriorityGrouping           0x080005bc   Section        0  stm32f7xx_hal_cortex.o(i.HAL_NVIC_SetPriorityGrouping)
    i.HAL_PCDEx_ActivateLPM                  0x080005e0   Section        0  stm32f7xx_hal_pcd_ex.o(i.HAL_PCDEx_ActivateLPM)
    i.HAL_PCDEx_LPM_Callback                 0x08000608   Section        0  usbd_conf.o(i.HAL_PCDEx_LPM_Callback)
    i.HAL_PCDEx_SetRxFiFo                    0x08000668   Section        0  stm32f7xx_hal_pcd_ex.o(i.HAL_PCDEx_SetRxFiFo)
    i.HAL_PCDEx_SetTxFiFo                    0x08000670   Section        0  stm32f7xx_hal_pcd_ex.o(i.HAL_PCDEx_SetTxFiFo)
    i.HAL_PCD_ConnectCallback                0x080006b8   Section        0  usbd_conf.o(i.HAL_PCD_ConnectCallback)
    i.HAL_PCD_DataInStageCallback            0x080006c0   Section        0  usbd_conf.o(i.HAL_PCD_DataInStageCallback)
    i.HAL_PCD_DataOutStageCallback           0x080006d2   Section        0  usbd_conf.o(i.HAL_PCD_DataOutStageCallback)
    i.HAL_PCD_DisconnectCallback             0x080006e6   Section        0  usbd_conf.o(i.HAL_PCD_DisconnectCallback)
    i.HAL_PCD_EP_Close                       0x080006ee   Section        0  stm32f7xx_hal_pcd.o(i.HAL_PCD_EP_Close)
    i.HAL_PCD_EP_ClrStall                    0x08000732   Section        0  stm32f7xx_hal_pcd.o(i.HAL_PCD_EP_ClrStall)
    i.HAL_PCD_EP_Open                        0x08000782   Section        0  stm32f7xx_hal_pcd.o(i.HAL_PCD_EP_Open)
    i.HAL_PCD_EP_Receive                     0x080007d8   Section        0  stm32f7xx_hal_pcd.o(i.HAL_PCD_EP_Receive)
    i.HAL_PCD_EP_SetStall                    0x08000836   Section        0  stm32f7xx_hal_pcd.o(i.HAL_PCD_EP_SetStall)
    i.HAL_PCD_EP_Transmit                    0x08000898   Section        0  stm32f7xx_hal_pcd.o(i.HAL_PCD_EP_Transmit)
    i.HAL_PCD_IRQHandler                     0x080008f4   Section        0  stm32f7xx_hal_pcd.o(i.HAL_PCD_IRQHandler)
    i.HAL_PCD_ISOINIncompleteCallback        0x08000e30   Section        0  usbd_conf.o(i.HAL_PCD_ISOINIncompleteCallback)
    i.HAL_PCD_ISOOUTIncompleteCallback       0x08000e38   Section        0  usbd_conf.o(i.HAL_PCD_ISOOUTIncompleteCallback)
    i.HAL_PCD_Init                           0x08000e40   Section        0  stm32f7xx_hal_pcd.o(i.HAL_PCD_Init)
    i.HAL_PCD_MspInit                        0x08000f10   Section        0  usbd_conf.o(i.HAL_PCD_MspInit)
    i.HAL_PCD_ResetCallback                  0x08000f9c   Section        0  usbd_conf.o(i.HAL_PCD_ResetCallback)
    i.HAL_PCD_ResumeCallback                 0x08000fbc   Section        0  usbd_conf.o(i.HAL_PCD_ResumeCallback)
    i.HAL_PCD_SOFCallback                    0x08000fc4   Section        0  usbd_conf.o(i.HAL_PCD_SOFCallback)
    i.HAL_PCD_SetAddress                     0x08000fcc   Section        0  stm32f7xx_hal_pcd.o(i.HAL_PCD_SetAddress)
    i.HAL_PCD_SetupStageCallback             0x08000ff0   Section        0  usbd_conf.o(i.HAL_PCD_SetupStageCallback)
    i.HAL_PCD_Start                          0x08000ffe   Section        0  stm32f7xx_hal_pcd.o(i.HAL_PCD_Start)
    i.HAL_PCD_SuspendCallback                0x08001028   Section        0  usbd_conf.o(i.HAL_PCD_SuspendCallback)
    i.HAL_PWREx_EnableOverDrive              0x08001058   Section        0  stm32f7xx_hal_pwr_ex.o(i.HAL_PWREx_EnableOverDrive)
    i.HAL_RCCEx_PeriphCLKConfig              0x080010c4   Section        0  stm32f7xx_hal_rcc_ex.o(i.HAL_RCCEx_PeriphCLKConfig)
    i.HAL_RCC_ClockConfig                    0x08001778   Section        0  stm32f7xx_hal_rcc.o(i.HAL_RCC_ClockConfig)
    i.HAL_RCC_GetClockConfig                 0x080018dc   Section        0  stm32f7xx_hal_rcc.o(i.HAL_RCC_GetClockConfig)
    i.HAL_RCC_GetHCLKFreq                    0x0800191c   Section        0  stm32f7xx_hal_rcc.o(i.HAL_RCC_GetHCLKFreq)
    i.HAL_RCC_GetPCLK1Freq                   0x08001928   Section        0  stm32f7xx_hal_rcc.o(i.HAL_RCC_GetPCLK1Freq)
    i.HAL_RCC_GetPCLK2Freq                   0x08001958   Section        0  stm32f7xx_hal_rcc.o(i.HAL_RCC_GetPCLK2Freq)
    i.HAL_RCC_GetSysClockFreq                0x08001988   Section        0  stm32f7xx_hal_rcc.o(i.HAL_RCC_GetSysClockFreq)
    i.HAL_RCC_OscConfig                      0x08001a08   Section        0  stm32f7xx_hal_rcc.o(i.HAL_RCC_OscConfig)
    i.HAL_SYSTICK_CLKSourceConfig            0x08001d28   Section        0  stm32f7xx_hal_cortex.o(i.HAL_SYSTICK_CLKSourceConfig)
    i.HAL_SYSTICK_Callback                   0x08001d40   Section        0  stm32f7xx_hal_cortex.o(i.HAL_SYSTICK_Callback)
    i.HAL_SYSTICK_Config                     0x08001d42   Section        0  stm32f7xx_hal_cortex.o(i.HAL_SYSTICK_Config)
    i.HAL_SYSTICK_IRQHandler                 0x08001d68   Section        0  stm32f7xx_hal_cortex.o(i.HAL_SYSTICK_IRQHandler)
    i.HAL_TIMEx_BreakCallback                0x08001d70   Section        0  stm32f7xx_hal_tim_ex.o(i.HAL_TIMEx_BreakCallback)
    i.HAL_TIMEx_CommutationCallback          0x08001d72   Section        0  stm32f7xx_hal_tim_ex.o(i.HAL_TIMEx_CommutationCallback)
    i.HAL_TIM_Base_Init                      0x08001d74   Section        0  stm32f7xx_hal_tim.o(i.HAL_TIM_Base_Init)
    i.HAL_TIM_Base_MspInit                   0x08001da4   Section        0  stm32f7xx_hal_tim.o(i.HAL_TIM_Base_MspInit)
    i.HAL_TIM_Base_Start_IT                  0x08001da6   Section        0  stm32f7xx_hal_tim.o(i.HAL_TIM_Base_Start_IT)
    i.HAL_TIM_IC_CaptureCallback             0x08001dbe   Section        0  stm32f7xx_hal_tim.o(i.HAL_TIM_IC_CaptureCallback)
    i.HAL_TIM_IRQHandler                     0x08001dc0   Section        0  stm32f7xx_hal_tim.o(i.HAL_TIM_IRQHandler)
    i.HAL_TIM_OC_DelayElapsedCallback        0x08001f3e   Section        0  stm32f7xx_hal_tim.o(i.HAL_TIM_OC_DelayElapsedCallback)
    i.HAL_TIM_PWM_PulseFinishedCallback      0x08001f40   Section        0  stm32f7xx_hal_tim.o(i.HAL_TIM_PWM_PulseFinishedCallback)
    i.HAL_TIM_PeriodElapsedCallback          0x08001f44   Section        0  main.o(i.HAL_TIM_PeriodElapsedCallback)
    i.HAL_TIM_TriggerCallback                0x08001f58   Section        0  stm32f7xx_hal_tim.o(i.HAL_TIM_TriggerCallback)
    i.HAL_UART_Init                          0x08001f5a   Section        0  stm32f7xx_hal_uart.o(i.HAL_UART_Init)
    i.HAL_UART_MspInit                       0x08001fc4   Section        0  stm32f7xx_hal_msp.o(i.HAL_UART_MspInit)
    i.MX_GPIO_Init                           0x0800200c   Section        0  main.o(i.MX_GPIO_Init)
    MX_GPIO_Init                             0x0800200d   Thumb Code   232  main.o(i.MX_GPIO_Init)
    i.MX_USART3_UART_Init                    0x08002108   Section        0  main.o(i.MX_USART3_UART_Init)
    MX_USART3_UART_Init                      0x08002109   Thumb Code    48  main.o(i.MX_USART3_UART_Init)
    i.MX_USB_DEVICE_Init                     0x08002140   Section        0  usb_device.o(i.MX_USB_DEVICE_Init)
    i.NVIC_SetPriority                       0x0800216c   Section        0  stm32f7xx_hal_cortex.o(i.NVIC_SetPriority)
    NVIC_SetPriority                         0x0800216d   Thumb Code    34  stm32f7xx_hal_cortex.o(i.NVIC_SetPriority)
    i.OTG_HS_IRQHandler                      0x08002190   Section        0  stm32f7xx_it.o(i.OTG_HS_IRQHandler)
    i.PCD_WriteEmptyTxFifo                   0x0800219c   Section        0  stm32f7xx_hal_pcd.o(i.PCD_WriteEmptyTxFifo)
    PCD_WriteEmptyTxFifo                     0x0800219d   Thumb Code   150  stm32f7xx_hal_pcd.o(i.PCD_WriteEmptyTxFifo)
    i.PendSV_Handler                         0x08002232   Section        0  stm32f7xx_it.o(i.PendSV_Handler)
    i.SVC_Handler                            0x08002234   Section        0  stm32f7xx_it.o(i.SVC_Handler)
    i.SysTick_Handler                        0x08002236   Section        0  stm32f7xx_it.o(i.SysTick_Handler)
    i.SystemClock_Config                     0x0800223c   Section        0  main.o(i.SystemClock_Config)
    i.SystemInit                             0x080022ec   Section        0  system_stm32f7xx.o(i.SystemInit)
    i.TIM7_IRQHandler                        0x08002340   Section        0  stm32f7xx_it.o(i.TIM7_IRQHandler)
    i.TIM_Base_SetConfig                     0x0800234c   Section        0  stm32f7xx_hal_tim.o(i.TIM_Base_SetConfig)
    i.UART_AdvFeatureConfig                  0x08002410   Section        0  stm32f7xx_hal_uart.o(i.UART_AdvFeatureConfig)
    i.UART_CheckIdleState                    0x080024d8   Section        0  stm32f7xx_hal_uart.o(i.UART_CheckIdleState)
    i.UART_SetConfig                         0x08002534   Section        0  stm32f7xx_hal_uart.o(i.UART_SetConfig)
    i.UART_WaitOnFlagUntilTimeout            0x0800278c   Section        0  stm32f7xx_hal_uart.o(i.UART_WaitOnFlagUntilTimeout)
    i.USBD_ClrClassConfig                    0x080027f0   Section        0  usbd_core.o(i.USBD_ClrClassConfig)
    i.USBD_CtlContinueRx                     0x080027fe   Section        0  usbd_ioreq.o(i.USBD_CtlContinueRx)
    i.USBD_CtlContinueSendData               0x0800280e   Section        0  usbd_ioreq.o(i.USBD_CtlContinueSendData)
    i.USBD_CtlError                          0x0800281e   Section        0  usbd_ctlreq.o(i.USBD_CtlError)
    i.USBD_CtlReceiveStatus                  0x08002834   Section        0  usbd_ioreq.o(i.USBD_CtlReceiveStatus)
    i.USBD_CtlSendData                       0x0800284a   Section        0  usbd_ioreq.o(i.USBD_CtlSendData)
    i.USBD_CtlSendStatus                     0x08002864   Section        0  usbd_ioreq.o(i.USBD_CtlSendStatus)
    i.USBD_GetDescriptor                     0x0800287a   Section        0  usbd_ctlreq.o(i.USBD_GetDescriptor)
    USBD_GetDescriptor                       0x0800287b   Thumb Code   246  usbd_ctlreq.o(i.USBD_GetDescriptor)
    i.USBD_GetString                         0x08002970   Section        0  usbd_ctlreq.o(i.USBD_GetString)
    i.USBD_HID_DataIn                        0x080029b8   Section        0  usbd_hid.o(i.USBD_HID_DataIn)
    USBD_HID_DataIn                          0x080029b9   Thumb Code    10  usbd_hid.o(i.USBD_HID_DataIn)
    i.USBD_HID_DeInit                        0x080029c2   Section        0  usbd_hid.o(i.USBD_HID_DeInit)
    USBD_HID_DeInit                          0x080029c3   Thumb Code    30  usbd_hid.o(i.USBD_HID_DeInit)
    i.USBD_HID_GetCfgDesc                    0x080029e0   Section        0  usbd_hid.o(i.USBD_HID_GetCfgDesc)
    USBD_HID_GetCfgDesc                      0x080029e1   Thumb Code     8  usbd_hid.o(i.USBD_HID_GetCfgDesc)
    i.USBD_HID_GetDeviceQualifierDesc        0x080029ec   Section        0  usbd_hid.o(i.USBD_HID_GetDeviceQualifierDesc)
    USBD_HID_GetDeviceQualifierDesc          0x080029ed   Thumb Code     8  usbd_hid.o(i.USBD_HID_GetDeviceQualifierDesc)
    i.USBD_HID_Init                          0x080029f8   Section        0  usbd_hid.o(i.USBD_HID_Init)
    USBD_HID_Init                            0x080029f9   Thumb Code    40  usbd_hid.o(i.USBD_HID_Init)
    i.USBD_HID_Setup                         0x08002a20   Section        0  usbd_hid.o(i.USBD_HID_Setup)
    USBD_HID_Setup                           0x08002a21   Thumb Code   156  usbd_hid.o(i.USBD_HID_Setup)
    i.USBD_HS_ConfigStrDescriptor            0x08002ac0   Section        0  usbd_desc.o(i.USBD_HS_ConfigStrDescriptor)
    i.USBD_HS_DeviceDescriptor               0x08002ae0   Section        0  usbd_desc.o(i.USBD_HS_DeviceDescriptor)
    i.USBD_HS_InterfaceStrDescriptor         0x08002aec   Section        0  usbd_desc.o(i.USBD_HS_InterfaceStrDescriptor)
    i.USBD_HS_LangIDStrDescriptor            0x08002b10   Section        0  usbd_desc.o(i.USBD_HS_LangIDStrDescriptor)
    i.USBD_HS_ManufacturerStrDescriptor      0x08002b1c   Section        0  usbd_desc.o(i.USBD_HS_ManufacturerStrDescriptor)
    i.USBD_HS_ProductStrDescriptor           0x08002b44   Section        0  usbd_desc.o(i.USBD_HS_ProductStrDescriptor)
    i.USBD_HS_SerialStrDescriptor            0x08002b70   Section        0  usbd_desc.o(i.USBD_HS_SerialStrDescriptor)
    i.USBD_HS_USR_BOSDescriptor              0x08002b94   Section        0  usbd_desc.o(i.USBD_HS_USR_BOSDescriptor)
    i.USBD_Init                              0x08002ba0   Section        0  usbd_core.o(i.USBD_Init)
    i.USBD_LL_ClearStallEP                   0x08002bca   Section        0  usbd_conf.o(i.USBD_LL_ClearStallEP)
    i.USBD_LL_CloseEP                        0x08002bd8   Section        0  usbd_conf.o(i.USBD_LL_CloseEP)
    i.USBD_LL_DataInStage                    0x08002be6   Section        0  usbd_core.o(i.USBD_LL_DataInStage)
    i.USBD_LL_DataOutStage                   0x08002c90   Section        0  usbd_core.o(i.USBD_LL_DataOutStage)
    i.USBD_LL_DevConnected                   0x08002cfa   Section        0  usbd_core.o(i.USBD_LL_DevConnected)
    i.USBD_LL_DevDisconnected                0x08002cfe   Section        0  usbd_core.o(i.USBD_LL_DevDisconnected)
    i.USBD_LL_Init                           0x08002d14   Section        0  usbd_conf.o(i.USBD_LL_Init)
    i.USBD_LL_IsStallEP                      0x08002d80   Section        0  usbd_conf.o(i.USBD_LL_IsStallEP)
    i.USBD_LL_IsoINIncomplete                0x08002da0   Section        0  usbd_core.o(i.USBD_LL_IsoINIncomplete)
    i.USBD_LL_IsoOUTIncomplete               0x08002da4   Section        0  usbd_core.o(i.USBD_LL_IsoOUTIncomplete)
    i.USBD_LL_OpenEP                         0x08002da8   Section        0  usbd_conf.o(i.USBD_LL_OpenEP)
    i.USBD_LL_PrepareReceive                 0x08002dbc   Section        0  usbd_conf.o(i.USBD_LL_PrepareReceive)
    i.USBD_LL_Reset                          0x08002dca   Section        0  usbd_core.o(i.USBD_LL_Reset)
    i.USBD_LL_Resume                         0x08002e0a   Section        0  usbd_core.o(i.USBD_LL_Resume)
    i.USBD_LL_SOF                            0x08002e16   Section        0  usbd_core.o(i.USBD_LL_SOF)
    i.USBD_LL_SetSpeed                       0x08002e2e   Section        0  usbd_core.o(i.USBD_LL_SetSpeed)
    i.USBD_LL_SetUSBAddress                  0x08002e34   Section        0  usbd_conf.o(i.USBD_LL_SetUSBAddress)
    i.USBD_LL_SetupStage                     0x08002e42   Section        0  usbd_core.o(i.USBD_LL_SetupStage)
    i.USBD_LL_StallEP                        0x08002e98   Section        0  usbd_conf.o(i.USBD_LL_StallEP)
    i.USBD_LL_Start                          0x08002ea6   Section        0  usbd_conf.o(i.USBD_LL_Start)
    i.USBD_LL_Suspend                        0x08002eb4   Section        0  usbd_core.o(i.USBD_LL_Suspend)
    i.USBD_LL_Transmit                       0x08002ec6   Section        0  usbd_conf.o(i.USBD_LL_Transmit)
    i.USBD_ParseSetupRequest                 0x08002ed4   Section        0  usbd_ctlreq.o(i.USBD_ParseSetupRequest)
    i.USBD_RegisterClass                     0x08002efc   Section        0  usbd_core.o(i.USBD_RegisterClass)
    i.USBD_SetClassConfig                    0x08002f0e   Section        0  usbd_core.o(i.USBD_SetClassConfig)
    i.USBD_SetConfig                         0x08002f24   Section        0  usbd_ctlreq.o(i.USBD_SetConfig)
    USBD_SetConfig                           0x08002f25   Thumb Code   112  usbd_ctlreq.o(i.USBD_SetConfig)
    i.USBD_Start                             0x08002f98   Section        0  usbd_core.o(i.USBD_Start)
    i.USBD_StdDevReq                         0x08002fa2   Section        0  usbd_ctlreq.o(i.USBD_StdDevReq)
    i.USBD_StdEPReq                          0x08003094   Section        0  usbd_ctlreq.o(i.USBD_StdEPReq)
    i.USBD_StdItfReq                         0x08003172   Section        0  usbd_ctlreq.o(i.USBD_StdItfReq)
    i.USB_ActivateEndpoint                   0x080031a8   Section        0  stm32f7xx_ll_usb.o(i.USB_ActivateEndpoint)
    i.USB_ActivateSetup                      0x08003228   Section        0  stm32f7xx_ll_usb.o(i.USB_ActivateSetup)
    i.USB_CoreInit                           0x0800325c   Section        0  stm32f7xx_ll_usb.o(i.USB_CoreInit)
    i.USB_CoreReset                          0x080032cc   Section        0  stm32f7xx_ll_usb.o(i.USB_CoreReset)
    USB_CoreReset                            0x080032cd   Thumb Code    50  stm32f7xx_ll_usb.o(i.USB_CoreReset)
    i.USB_DeactivateEndpoint                 0x08003304   Section        0  stm32f7xx_ll_usb.o(i.USB_DeactivateEndpoint)
    i.USB_DevConnect                         0x08003372   Section        0  stm32f7xx_ll_usb.o(i.USB_DevConnect)
    i.USB_DevDisconnect                      0x0800338a   Section        0  stm32f7xx_ll_usb.o(i.USB_DevDisconnect)
    i.USB_DevInit                            0x080033a4   Section        0  stm32f7xx_ll_usb.o(i.USB_DevInit)
    i.USB_DisableGlobalInt                   0x08003500   Section        0  stm32f7xx_ll_usb.o(i.USB_DisableGlobalInt)
    i.USB_EP0StartXfer                       0x0800350c   Section        0  stm32f7xx_ll_usb.o(i.USB_EP0StartXfer)
    i.USB_EP0_OutStart                       0x0800364c   Section        0  stm32f7xx_ll_usb.o(i.USB_EP0_OutStart)
    i.USB_EPClearStall                       0x0800368a   Section        0  stm32f7xx_ll_usb.o(i.USB_EPClearStall)
    i.USB_EPSetStall                         0x080036ee   Section        0  stm32f7xx_ll_usb.o(i.USB_EPSetStall)
    i.USB_EPStartXfer                        0x0800374c   Section        0  stm32f7xx_ll_usb.o(i.USB_EPStartXfer)
    i.USB_EnableGlobalInt                    0x08003968   Section        0  stm32f7xx_ll_usb.o(i.USB_EnableGlobalInt)
    i.USB_FlushRxFifo                        0x08003974   Section        0  stm32f7xx_ll_usb.o(i.USB_FlushRxFifo)
    i.USB_FlushTxFifo                        0x08003994   Section        0  stm32f7xx_ll_usb.o(i.USB_FlushTxFifo)
    i.USB_GetDevSpeed                        0x080039b8   Section        0  stm32f7xx_ll_usb.o(i.USB_GetDevSpeed)
    i.USB_GetMode                            0x080039f6   Section        0  stm32f7xx_ll_usb.o(i.USB_GetMode)
    i.USB_ReadDevAllInEpInterrupt            0x080039fe   Section        0  stm32f7xx_ll_usb.o(i.USB_ReadDevAllInEpInterrupt)
    i.USB_ReadDevAllOutEpInterrupt           0x08003a0c   Section        0  stm32f7xx_ll_usb.o(i.USB_ReadDevAllOutEpInterrupt)
    i.USB_ReadDevInEPInterrupt               0x08003a1a   Section        0  stm32f7xx_ll_usb.o(i.USB_ReadDevInEPInterrupt)
    i.USB_ReadDevOutEPInterrupt              0x08003a3a   Section        0  stm32f7xx_ll_usb.o(i.USB_ReadDevOutEPInterrupt)
    i.USB_ReadInterrupts                     0x08003a4a   Section        0  stm32f7xx_ll_usb.o(i.USB_ReadInterrupts)
    i.USB_ReadPacket                         0x08003a52   Section        0  stm32f7xx_ll_usb.o(i.USB_ReadPacket)
    i.USB_SetCurrentMode                     0x08003a70   Section        0  stm32f7xx_ll_usb.o(i.USB_SetCurrentMode)
    i.USB_SetDevAddress                      0x08003a9c   Section        0  stm32f7xx_ll_usb.o(i.USB_SetDevAddress)
    i.USB_WritePacket                        0x08003ac0   Section        0  stm32f7xx_ll_usb.o(i.USB_WritePacket)
    i.__scatterload_copy                     0x08003aec   Section       14  handlers.o(i.__scatterload_copy)
    i.__scatterload_null                     0x08003afa   Section        2  handlers.o(i.__scatterload_null)
    i.__scatterload_zeroinit                 0x08003afc   Section       14  handlers.o(i.__scatterload_zeroinit)
    i.free                                   0x08003b0c   Section        0  malloc.o(i.free)
    i.main                                   0x08003b5c   Section        0  main.o(i.main)
    i.malloc                                 0x08003b74   Section        0  malloc.o(i.malloc)
    .constdata                               0x08003be0   Section       16  system_stm32f7xx.o(.constdata)
    .constdata                               0x08003bf0   Section        8  system_stm32f7xx.o(.constdata)
    .data                                    0x20000000   Section        4  stm32f7xx_hal.o(.data)
    .data                                    0x20000004   Section       32  usbd_desc.o(.data)
    .data                                    0x20000024   Section       36  usbd_desc.o(.data)
    .data                                    0x20000048   Section        4  system_stm32f7xx.o(.data)
    .data                                    0x2000004c   Section       56  usbd_hid.o(.data)
    .data                                    0x20000084   Section      134  usbd_hid.o(.data)
    USBD_HID_CfgDesc                         0x20000084   Data          34  usbd_hid.o(.data)
    USBD_HID_Desc                            0x200000a8   Data           9  usbd_hid.o(.data)
    USBD_HID_DeviceQualifierDesc             0x200000b4   Data          10  usbd_hid.o(.data)
    HID_MOUSE_ReportDesc                     0x200000c0   Data          74  usbd_hid.o(.data)
    .data                                    0x2000010a   Section        1  usbd_ctlreq.o(.data)
    cfgidx                                   0x2000010a   Data           1  usbd_ctlreq.o(.data)
    .data                                    0x2000010c   Section        4  mvars.o(.data)
    .data                                    0x20000110   Section        4  mvars.o(.data)
    .bss                                     0x20000114   Section      112  main.o(.bss)
    .bss                                     0x20000184   Section      960  usbd_conf.o(.bss)
    .bss                                     0x20000544   Section      548  usb_device.o(.bss)
    .bss                                     0x20000768   Section      512  usbd_desc.o(.bss)
    .bss                                     0x20000968   Section       60  stm32f7xx_hal_timebase_tim.o(.bss)
    HEAP                                     0x200009a8   Section    18432  startup_stm32f746xx.o(HEAP)
    STACK                                    0x200051a8   Section     9216  startup_stm32f746xx.o(STACK)

    Global Symbols

    Symbol Name                              Value     Ov Type        Size  Object(Section)

    BuildAttributes$$THM_ISAv4$E$P$D$K$B$S$7EM$VFPi5$EXTD16$VFPS$VFMA$PE$PLD8$A:L22UL41UL21$X:L11$S22US41US21$IEEE1$IW$USESV6$~STKCKD$USESV7$~SHL$OSPACE$EBA8$MICROLIB$REQ8$PRES8$EABIv2 0x00000000   Number         0  anon$$obj.o ABSOLUTE
    __ARM_use_no_argv                        0x00000000   Number         0  main.o ABSOLUTE
    __cpp_initialize__aeabi_                  - Undefined Weak Reference
    __cxa_finalize                            - Undefined Weak Reference
    __decompress                              - Undefined Weak Reference
    _clock_init                               - Undefined Weak Reference
    _microlib_exit                            - Undefined Weak Reference
    __Vectors_Size                           0x000001c8   Number         0  startup_stm32f746xx.o ABSOLUTE
    __Vectors                                0x08000000   Data           4  startup_stm32f746xx.o(RESET)
    __Vectors_End                            0x080001c8   Data           0  startup_stm32f746xx.o(RESET)
    __main                                   0x080001c9   Thumb Code     0  entry.o(.ARM.Collect$$$$00000000)
    _main_stk                                0x080001c9   Thumb Code     0  entry2.o(.ARM.Collect$$$$00000001)
    _main_scatterload                        0x080001cd   Thumb Code     0  entry5.o(.ARM.Collect$$$$00000004)
    __main_after_scatterload                 0x080001d1   Thumb Code     0  entry5.o(.ARM.Collect$$$$00000004)
    _main_clock                              0x080001d1   Thumb Code     0  entry7b.o(.ARM.Collect$$$$00000008)
    _main_cpp_init                           0x080001d1   Thumb Code     0  entry8b.o(.ARM.Collect$$$$0000000A)
    _main_init                               0x080001d1   Thumb Code     0  entry9a.o(.ARM.Collect$$$$0000000B)
    __rt_final_cpp                           0x080001d9   Thumb Code     0  entry10a.o(.ARM.Collect$$$$0000000D)
    __rt_final_exit                          0x080001d9   Thumb Code     0  entry11a.o(.ARM.Collect$$$$0000000F)
    Reset_Handler                            0x080001dd   Thumb Code     8  startup_stm32f746xx.o(.text)
    NMI_Handler                              0x080001e5   Thumb Code     2  startup_stm32f746xx.o(.text)
    HardFault_Handler                        0x080001e7   Thumb Code     2  startup_stm32f746xx.o(.text)
    MemManage_Handler                        0x080001e9   Thumb Code     2  startup_stm32f746xx.o(.text)
    BusFault_Handler                         0x080001eb   Thumb Code     2  startup_stm32f746xx.o(.text)
    UsageFault_Handler                       0x080001ed   Thumb Code     2  startup_stm32f746xx.o(.text)
    DebugMon_Handler                         0x080001f1   Thumb Code     2  startup_stm32f746xx.o(.text)
    ADC_IRQHandler                           0x080001f7   Thumb Code     0  startup_stm32f746xx.o(.text)
    CAN1_RX0_IRQHandler                      0x080001f7   Thumb Code     0  startup_stm32f746xx.o(.text)
    CAN1_RX1_IRQHandler                      0x080001f7   Thumb Code     0  startup_stm32f746xx.o(.text)
    CAN1_SCE_IRQHandler                      0x080001f7   Thumb Code     0  startup_stm32f746xx.o(.text)
    CAN1_TX_IRQHandler                       0x080001f7   Thumb Code     0  startup_stm32f746xx.o(.text)
    CAN2_RX0_IRQHandler                      0x080001f7   Thumb Code     0  startup_stm32f746xx.o(.text)
    CAN2_RX1_IRQHandler                      0x080001f7   Thumb Code     0  startup_stm32f746xx.o(.text)
    CAN2_SCE_IRQHandler                      0x080001f7   Thumb Code     0  startup_stm32f746xx.o(.text)
    CAN2_TX_IRQHandler                       0x080001f7   Thumb Code     0  startup_stm32f746xx.o(.text)
    CEC_IRQHandler                           0x080001f7   Thumb Code     0  startup_stm32f746xx.o(.text)
    DCMI_IRQHandler                          0x080001f7   Thumb Code     0  startup_stm32f746xx.o(.text)
    DMA1_Stream0_IRQHandler                  0x080001f7   Thumb Code     0  startup_stm32f746xx.o(.text)
    DMA1_Stream1_IRQHandler                  0x080001f7   Thumb Code     0  startup_stm32f746xx.o(.text)
    DMA1_Stream2_IRQHandler                  0x080001f7   Thumb Code     0  startup_stm32f746xx.o(.text)
    DMA1_Stream3_IRQHandler                  0x080001f7   Thumb Code     0  startup_stm32f746xx.o(.text)
    DMA1_Stream4_IRQHandler                  0x080001f7   Thumb Code     0  startup_stm32f746xx.o(.text)
    DMA1_Stream5_IRQHandler                  0x080001f7   Thumb Code     0  startup_stm32f746xx.o(.text)
    DMA1_Stream6_IRQHandler                  0x080001f7   Thumb Code     0  startup_stm32f746xx.o(.text)
    DMA1_Stream7_IRQHandler                  0x080001f7   Thumb Code     0  startup_stm32f746xx.o(.text)
    DMA2D_IRQHandler                         0x080001f7   Thumb Code     0  startup_stm32f746xx.o(.text)
    DMA2_Stream0_IRQHandler                  0x080001f7   Thumb Code     0  startup_stm32f746xx.o(.text)
    DMA2_Stream1_IRQHandler                  0x080001f7   Thumb Code     0  startup_stm32f746xx.o(.text)
    DMA2_Stream2_IRQHandler                  0x080001f7   Thumb Code     0  startup_stm32f746xx.o(.text)
    DMA2_Stream3_IRQHandler                  0x080001f7   Thumb Code     0  startup_stm32f746xx.o(.text)
    DMA2_Stream4_IRQHandler                  0x080001f7   Thumb Code     0  startup_stm32f746xx.o(.text)
    DMA2_Stream5_IRQHandler                  0x080001f7   Thumb Code     0  startup_stm32f746xx.o(.text)
    DMA2_Stream6_IRQHandler                  0x080001f7   Thumb Code     0  startup_stm32f746xx.o(.text)
    DMA2_Stream7_IRQHandler                  0x080001f7   Thumb Code     0  startup_stm32f746xx.o(.text)
    ETH_IRQHandler                           0x080001f7   Thumb Code     0  startup_stm32f746xx.o(.text)
    ETH_WKUP_IRQHandler                      0x080001f7   Thumb Code     0  startup_stm32f746xx.o(.text)
    EXTI0_IRQHandler                         0x080001f7   Thumb Code     0  startup_stm32f746xx.o(.text)
    EXTI15_10_IRQHandler                     0x080001f7   Thumb Code     0  startup_stm32f746xx.o(.text)
    EXTI1_IRQHandler                         0x080001f7   Thumb Code     0  startup_stm32f746xx.o(.text)
    EXTI2_IRQHandler                         0x080001f7   Thumb Code     0  startup_stm32f746xx.o(.text)
    EXTI3_IRQHandler                         0x080001f7   Thumb Code     0  startup_stm32f746xx.o(.text)
    EXTI4_IRQHandler                         0x080001f7   Thumb Code     0  startup_stm32f746xx.o(.text)
    EXTI9_5_IRQHandler                       0x080001f7   Thumb Code     0  startup_stm32f746xx.o(.text)
    FLASH_IRQHandler                         0x080001f7   Thumb Code     0  startup_stm32f746xx.o(.text)
    FMC_IRQHandler                           0x080001f7   Thumb Code     0  startup_stm32f746xx.o(.text)
    FPU_IRQHandler                           0x080001f7   Thumb Code     0  startup_stm32f746xx.o(.text)
    I2C1_ER_IRQHandler                       0x080001f7   Thumb Code     0  startup_stm32f746xx.o(.text)
    I2C1_EV_IRQHandler                       0x080001f7   Thumb Code     0  startup_stm32f746xx.o(.text)
    I2C2_ER_IRQHandler                       0x080001f7   Thumb Code     0  startup_stm32f746xx.o(.text)
    I2C2_EV_IRQHandler                       0x080001f7   Thumb Code     0  startup_stm32f746xx.o(.text)
    I2C3_ER_IRQHandler                       0x080001f7   Thumb Code     0  startup_stm32f746xx.o(.text)
    I2C3_EV_IRQHandler                       0x080001f7   Thumb Code     0  startup_stm32f746xx.o(.text)
    I2C4_ER_IRQHandler                       0x080001f7   Thumb Code     0  startup_stm32f746xx.o(.text)
    I2C4_EV_IRQHandler                       0x080001f7   Thumb Code     0  startup_stm32f746xx.o(.text)
    LPTIM1_IRQHandler                        0x080001f7   Thumb Code     0  startup_stm32f746xx.o(.text)
    LTDC_ER_IRQHandler                       0x080001f7   Thumb Code     0  startup_stm32f746xx.o(.text)
    LTDC_IRQHandler                          0x080001f7   Thumb Code     0  startup_stm32f746xx.o(.text)
    OTG_FS_IRQHandler                        0x080001f7   Thumb Code     0  startup_stm32f746xx.o(.text)
    OTG_FS_WKUP_IRQHandler                   0x080001f7   Thumb Code     0  startup_stm32f746xx.o(.text)
    OTG_HS_EP1_IN_IRQHandler                 0x080001f7   Thumb Code     0  startup_stm32f746xx.o(.text)
    OTG_HS_EP1_OUT_IRQHandler                0x080001f7   Thumb Code     0  startup_stm32f746xx.o(.text)
    OTG_HS_WKUP_IRQHandler                   0x080001f7   Thumb Code     0  startup_stm32f746xx.o(.text)
    PVD_IRQHandler                           0x080001f7   Thumb Code     0  startup_stm32f746xx.o(.text)
    QUADSPI_IRQHandler                       0x080001f7   Thumb Code     0  startup_stm32f746xx.o(.text)
    RCC_IRQHandler                           0x080001f7   Thumb Code     0  startup_stm32f746xx.o(.text)
    RNG_IRQHandler                           0x080001f7   Thumb Code     0  startup_stm32f746xx.o(.text)
    RTC_Alarm_IRQHandler                     0x080001f7   Thumb Code     0  startup_stm32f746xx.o(.text)
    RTC_WKUP_IRQHandler                      0x080001f7   Thumb Code     0  startup_stm32f746xx.o(.text)
    SAI1_IRQHandler                          0x080001f7   Thumb Code     0  startup_stm32f746xx.o(.text)
    SAI2_IRQHandler                          0x080001f7   Thumb Code     0  startup_stm32f746xx.o(.text)
    SDMMC1_IRQHandler                        0x080001f7   Thumb Code     0  startup_stm32f746xx.o(.text)
    SPDIF_RX_IRQHandler                      0x080001f7   Thumb Code     0  startup_stm32f746xx.o(.text)
    SPI1_IRQHandler                          0x080001f7   Thumb Code     0  startup_stm32f746xx.o(.text)
    SPI2_IRQHandler                          0x080001f7   Thumb Code     0  startup_stm32f746xx.o(.text)
    SPI3_IRQHandler                          0x080001f7   Thumb Code     0  startup_stm32f746xx.o(.text)
    SPI4_IRQHandler                          0x080001f7   Thumb Code     0  startup_stm32f746xx.o(.text)
    SPI5_IRQHandler                          0x080001f7   Thumb Code     0  startup_stm32f746xx.o(.text)
    SPI6_IRQHandler                          0x080001f7   Thumb Code     0  startup_stm32f746xx.o(.text)
    TAMP_STAMP_IRQHandler                    0x080001f7   Thumb Code     0  startup_stm32f746xx.o(.text)
    TIM1_BRK_TIM9_IRQHandler                 0x080001f7   Thumb Code     0  startup_stm32f746xx.o(.text)
    TIM1_CC_IRQHandler                       0x080001f7   Thumb Code     0  startup_stm32f746xx.o(.text)
    TIM1_TRG_COM_TIM11_IRQHandler            0x080001f7   Thumb Code     0  startup_stm32f746xx.o(.text)
    TIM1_UP_TIM10_IRQHandler                 0x080001f7   Thumb Code     0  startup_stm32f746xx.o(.text)
    TIM2_IRQHandler                          0x080001f7   Thumb Code     0  startup_stm32f746xx.o(.text)
    TIM3_IRQHandler                          0x080001f7   Thumb Code     0  startup_stm32f746xx.o(.text)
    TIM4_IRQHandler                          0x080001f7   Thumb Code     0  startup_stm32f746xx.o(.text)
    TIM5_IRQHandler                          0x080001f7   Thumb Code     0  startup_stm32f746xx.o(.text)
    TIM6_DAC_IRQHandler                      0x080001f7   Thumb Code     0  startup_stm32f746xx.o(.text)
    TIM8_BRK_TIM12_IRQHandler                0x080001f7   Thumb Code     0  startup_stm32f746xx.o(.text)
    TIM8_CC_IRQHandler                       0x080001f7   Thumb Code     0  startup_stm32f746xx.o(.text)
    TIM8_TRG_COM_TIM14_IRQHandler            0x080001f7   Thumb Code     0  startup_stm32f746xx.o(.text)
    TIM8_UP_TIM13_IRQHandler                 0x080001f7   Thumb Code     0  startup_stm32f746xx.o(.text)
    UART4_IRQHandler                         0x080001f7   Thumb Code     0  startup_stm32f746xx.o(.text)
    UART5_IRQHandler                         0x080001f7   Thumb Code     0  startup_stm32f746xx.o(.text)
    UART7_IRQHandler                         0x080001f7   Thumb Code     0  startup_stm32f746xx.o(.text)
    UART8_IRQHandler                         0x080001f7   Thumb Code     0  startup_stm32f746xx.o(.text)
    USART1_IRQHandler                        0x080001f7   Thumb Code     0  startup_stm32f746xx.o(.text)
    USART2_IRQHandler                        0x080001f7   Thumb Code     0  startup_stm32f746xx.o(.text)
    USART3_IRQHandler                        0x080001f7   Thumb Code     0  startup_stm32f746xx.o(.text)
    USART6_IRQHandler                        0x080001f7   Thumb Code     0  startup_stm32f746xx.o(.text)
    WWDG_IRQHandler                          0x080001f7   Thumb Code     0  startup_stm32f746xx.o(.text)
    __aeabi_memcpy                           0x08000201   Thumb Code    36  memcpya.o(.text)
    __aeabi_memcpy4                          0x08000201   Thumb Code     0  memcpya.o(.text)
    __aeabi_memcpy8                          0x08000201   Thumb Code     0  memcpya.o(.text)
    __scatterload                            0x08000225   Thumb Code    28  init.o(.text)
    __scatterload_rt2                        0x08000225   Thumb Code     0  init.o(.text)
    Error_Handler                            0x08000249   Thumb Code    18  main.o(i.Error_Handler)
    HAL_Delay                                0x08000261   Thumb Code    22  stm32f7xx_hal.o(i.HAL_Delay)
    HAL_GPIO_Init                            0x08000279   Thumb Code   418  stm32f7xx_hal_gpio.o(i.HAL_GPIO_Init)
    HAL_GPIO_TogglePin                       0x08000451   Thumb Code     8  stm32f7xx_hal_gpio.o(i.HAL_GPIO_TogglePin)
    HAL_GPIO_WritePin                        0x08000459   Thumb Code    10  stm32f7xx_hal_gpio.o(i.HAL_GPIO_WritePin)
    HAL_GetTick                              0x08000465   Thumb Code     6  stm32f7xx_hal.o(i.HAL_GetTick)
    HAL_IncTick                              0x08000471   Thumb Code    10  stm32f7xx_hal.o(i.HAL_IncTick)
    HAL_Init                                 0x08000481   Thumb Code    22  stm32f7xx_hal.o(i.HAL_Init)
    HAL_InitTick                             0x08000499   Thumb Code   100  stm32f7xx_hal_timebase_tim.o(i.HAL_InitTick)
    HAL_MspInit                              0x0800050d   Thumb Code    88  stm32f7xx_hal_msp.o(i.HAL_MspInit)
    HAL_NVIC_EnableIRQ                       0x08000565   Thumb Code    22  stm32f7xx_hal_cortex.o(i.HAL_NVIC_EnableIRQ)
    HAL_NVIC_SetPriority                     0x0800057d   Thumb Code    60  stm32f7xx_hal_cortex.o(i.HAL_NVIC_SetPriority)
    HAL_NVIC_SetPriorityGrouping             0x080005bd   Thumb Code    28  stm32f7xx_hal_cortex.o(i.HAL_NVIC_SetPriorityGrouping)
    HAL_PCDEx_ActivateLPM                    0x080005e1   Thumb Code    34  stm32f7xx_hal_pcd_ex.o(i.HAL_PCDEx_ActivateLPM)
    HAL_PCDEx_LPM_Callback                   0x08000609   Thumb Code    92  usbd_conf.o(i.HAL_PCDEx_LPM_Callback)
    HAL_PCDEx_SetRxFiFo                      0x08000669   Thumb Code     8  stm32f7xx_hal_pcd_ex.o(i.HAL_PCDEx_SetRxFiFo)
    HAL_PCDEx_SetTxFiFo                      0x08000671   Thumb Code    72  stm32f7xx_hal_pcd_ex.o(i.HAL_PCDEx_SetTxFiFo)
    HAL_PCD_ConnectCallback                  0x080006b9   Thumb Code     8  usbd_conf.o(i.HAL_PCD_ConnectCallback)
    HAL_PCD_DataInStageCallback              0x080006c1   Thumb Code    18  usbd_conf.o(i.HAL_PCD_DataInStageCallback)
    HAL_PCD_DataOutStageCallback             0x080006d3   Thumb Code    20  usbd_conf.o(i.HAL_PCD_DataOutStageCallback)
    HAL_PCD_DisconnectCallback               0x080006e7   Thumb Code     8  usbd_conf.o(i.HAL_PCD_DisconnectCallback)
    HAL_PCD_EP_Close                         0x080006ef   Thumb Code    68  stm32f7xx_hal_pcd.o(i.HAL_PCD_EP_Close)
    HAL_PCD_EP_ClrStall                      0x08000733   Thumb Code    80  stm32f7xx_hal_pcd.o(i.HAL_PCD_EP_ClrStall)
    HAL_PCD_EP_Open                          0x08000783   Thumb Code    86  stm32f7xx_hal_pcd.o(i.HAL_PCD_EP_Open)
    HAL_PCD_EP_Receive                       0x080007d9   Thumb Code    94  stm32f7xx_hal_pcd.o(i.HAL_PCD_EP_Receive)
    HAL_PCD_EP_SetStall                      0x08000837   Thumb Code    96  stm32f7xx_hal_pcd.o(i.HAL_PCD_EP_SetStall)
    HAL_PCD_EP_Transmit                      0x08000899   Thumb Code    92  stm32f7xx_hal_pcd.o(i.HAL_PCD_EP_Transmit)
    HAL_PCD_IRQHandler                       0x080008f5   Thumb Code  1268  stm32f7xx_hal_pcd.o(i.HAL_PCD_IRQHandler)
    HAL_PCD_ISOINIncompleteCallback          0x08000e31   Thumb Code     8  usbd_conf.o(i.HAL_PCD_ISOINIncompleteCallback)
    HAL_PCD_ISOOUTIncompleteCallback         0x08000e39   Thumb Code     8  usbd_conf.o(i.HAL_PCD_ISOOUTIncompleteCallback)
    HAL_PCD_Init                             0x08000e41   Thumb Code   208  stm32f7xx_hal_pcd.o(i.HAL_PCD_Init)
    HAL_PCD_MspInit                          0x08000f11   Thumb Code   118  usbd_conf.o(i.HAL_PCD_MspInit)
    HAL_PCD_ResetCallback                    0x08000f9d   Thumb Code    32  usbd_conf.o(i.HAL_PCD_ResetCallback)
    HAL_PCD_ResumeCallback                   0x08000fbd   Thumb Code     8  usbd_conf.o(i.HAL_PCD_ResumeCallback)
    HAL_PCD_SOFCallback                      0x08000fc5   Thumb Code     8  usbd_conf.o(i.HAL_PCD_SOFCallback)
    HAL_PCD_SetAddress                       0x08000fcd   Thumb Code    36  stm32f7xx_hal_pcd.o(i.HAL_PCD_SetAddress)
    HAL_PCD_SetupStageCallback               0x08000ff1   Thumb Code    14  usbd_conf.o(i.HAL_PCD_SetupStageCallback)
    HAL_PCD_Start                            0x08000fff   Thumb Code    42  stm32f7xx_hal_pcd.o(i.HAL_PCD_Start)
    HAL_PCD_SuspendCallback                  0x08001029   Thumb Code    44  usbd_conf.o(i.HAL_PCD_SuspendCallback)
    HAL_PWREx_EnableOverDrive                0x08001059   Thumb Code   100  stm32f7xx_hal_pwr_ex.o(i.HAL_PWREx_EnableOverDrive)
    HAL_RCCEx_PeriphCLKConfig                0x080010c5   Thumb Code  1712  stm32f7xx_hal_rcc_ex.o(i.HAL_RCCEx_PeriphCLKConfig)
    HAL_RCC_ClockConfig                      0x08001779   Thumb Code   338  stm32f7xx_hal_rcc.o(i.HAL_RCC_ClockConfig)
    HAL_RCC_GetClockConfig                   0x080018dd   Thumb Code    56  stm32f7xx_hal_rcc.o(i.HAL_RCC_GetClockConfig)
    HAL_RCC_GetHCLKFreq                      0x0800191d   Thumb Code     6  stm32f7xx_hal_rcc.o(i.HAL_RCC_GetHCLKFreq)
    HAL_RCC_GetPCLK1Freq                     0x08001929   Thumb Code    34  stm32f7xx_hal_rcc.o(i.HAL_RCC_GetPCLK1Freq)
    HAL_RCC_GetPCLK2Freq                     0x08001959   Thumb Code    34  stm32f7xx_hal_rcc.o(i.HAL_RCC_GetPCLK2Freq)
    HAL_RCC_GetSysClockFreq                  0x08001989   Thumb Code   120  stm32f7xx_hal_rcc.o(i.HAL_RCC_GetSysClockFreq)
    HAL_RCC_OscConfig                        0x08001a09   Thumb Code   790  stm32f7xx_hal_rcc.o(i.HAL_RCC_OscConfig)
    HAL_SYSTICK_CLKSourceConfig              0x08001d29   Thumb Code    24  stm32f7xx_hal_cortex.o(i.HAL_SYSTICK_CLKSourceConfig)
    HAL_SYSTICK_Callback                     0x08001d41   Thumb Code     2  stm32f7xx_hal_cortex.o(i.HAL_SYSTICK_Callback)
    HAL_SYSTICK_Config                       0x08001d43   Thumb Code    38  stm32f7xx_hal_cortex.o(i.HAL_SYSTICK_Config)
    HAL_SYSTICK_IRQHandler                   0x08001d69   Thumb Code     8  stm32f7xx_hal_cortex.o(i.HAL_SYSTICK_IRQHandler)
    HAL_TIMEx_BreakCallback                  0x08001d71   Thumb Code     2  stm32f7xx_hal_tim_ex.o(i.HAL_TIMEx_BreakCallback)
    HAL_TIMEx_CommutationCallback            0x08001d73   Thumb Code     2  stm32f7xx_hal_tim_ex.o(i.HAL_TIMEx_CommutationCallback)
    HAL_TIM_Base_Init                        0x08001d75   Thumb Code    48  stm32f7xx_hal_tim.o(i.HAL_TIM_Base_Init)
    HAL_TIM_Base_MspInit                     0x08001da5   Thumb Code     2  stm32f7xx_hal_tim.o(i.HAL_TIM_Base_MspInit)
    HAL_TIM_Base_Start_IT                    0x08001da7   Thumb Code    24  stm32f7xx_hal_tim.o(i.HAL_TIM_Base_Start_IT)
    HAL_TIM_IC_CaptureCallback               0x08001dbf   Thumb Code     2  stm32f7xx_hal_tim.o(i.HAL_TIM_IC_CaptureCallback)
    HAL_TIM_IRQHandler                       0x08001dc1   Thumb Code   382  stm32f7xx_hal_tim.o(i.HAL_TIM_IRQHandler)
    HAL_TIM_OC_DelayElapsedCallback          0x08001f3f   Thumb Code     2  stm32f7xx_hal_tim.o(i.HAL_TIM_OC_DelayElapsedCallback)
    HAL_TIM_PWM_PulseFinishedCallback        0x08001f41   Thumb Code     2  stm32f7xx_hal_tim.o(i.HAL_TIM_PWM_PulseFinishedCallback)
    HAL_TIM_PeriodElapsedCallback            0x08001f45   Thumb Code    14  main.o(i.HAL_TIM_PeriodElapsedCallback)
    HAL_TIM_TriggerCallback                  0x08001f59   Thumb Code     2  stm32f7xx_hal_tim.o(i.HAL_TIM_TriggerCallback)
    HAL_UART_Init                            0x08001f5b   Thumb Code   106  stm32f7xx_hal_uart.o(i.HAL_UART_Init)
    HAL_UART_MspInit                         0x08001fc5   Thumb Code    58  stm32f7xx_hal_msp.o(i.HAL_UART_MspInit)
    MX_USB_DEVICE_Init                       0x08002141   Thumb Code    30  usb_device.o(i.MX_USB_DEVICE_Init)
    OTG_HS_IRQHandler                        0x08002191   Thumb Code     6  stm32f7xx_it.o(i.OTG_HS_IRQHandler)
    PendSV_Handler                           0x08002233   Thumb Code     2  stm32f7xx_it.o(i.PendSV_Handler)
    SVC_Handler                              0x08002235   Thumb Code     2  stm32f7xx_it.o(i.SVC_Handler)
    SysTick_Handler                          0x08002237   Thumb Code     4  stm32f7xx_it.o(i.SysTick_Handler)
    SystemClock_Config                       0x0800223d   Thumb Code   168  main.o(i.SystemClock_Config)
    SystemInit                               0x080022ed   Thumb Code    68  system_stm32f7xx.o(i.SystemInit)
    TIM7_IRQHandler                          0x08002341   Thumb Code     6  stm32f7xx_it.o(i.TIM7_IRQHandler)
    TIM_Base_SetConfig                       0x0800234d   Thumb Code   150  stm32f7xx_hal_tim.o(i.TIM_Base_SetConfig)
    UART_AdvFeatureConfig                    0x08002411   Thumb Code   200  stm32f7xx_hal_uart.o(i.UART_AdvFeatureConfig)
    UART_CheckIdleState                      0x080024d9   Thumb Code    92  stm32f7xx_hal_uart.o(i.UART_CheckIdleState)
    UART_SetConfig                           0x08002535   Thumb Code   550  stm32f7xx_hal_uart.o(i.UART_SetConfig)
    UART_WaitOnFlagUntilTimeout              0x0800278d   Thumb Code   100  stm32f7xx_hal_uart.o(i.UART_WaitOnFlagUntilTimeout)
    USBD_ClrClassConfig                      0x080027f1   Thumb Code    14  usbd_core.o(i.USBD_ClrClassConfig)
    USBD_CtlContinueRx                       0x080027ff   Thumb Code    16  usbd_ioreq.o(i.USBD_CtlContinueRx)
    USBD_CtlContinueSendData                 0x0800280f   Thumb Code    16  usbd_ioreq.o(i.USBD_CtlContinueSendData)
    USBD_CtlError                            0x0800281f   Thumb Code    22  usbd_ctlreq.o(i.USBD_CtlError)
    USBD_CtlReceiveStatus                    0x08002835   Thumb Code    22  usbd_ioreq.o(i.USBD_CtlReceiveStatus)
    USBD_CtlSendData                         0x0800284b   Thumb Code    26  usbd_ioreq.o(i.USBD_CtlSendData)
    USBD_CtlSendStatus                       0x08002865   Thumb Code    22  usbd_ioreq.o(i.USBD_CtlSendStatus)
    USBD_GetString                           0x08002971   Thumb Code    72  usbd_ctlreq.o(i.USBD_GetString)
    USBD_HS_ConfigStrDescriptor              0x08002ac1   Thumb Code    16  usbd_desc.o(i.USBD_HS_ConfigStrDescriptor)
    USBD_HS_DeviceDescriptor                 0x08002ae1   Thumb Code     8  usbd_desc.o(i.USBD_HS_DeviceDescriptor)
    USBD_HS_InterfaceStrDescriptor           0x08002aed   Thumb Code    16  usbd_desc.o(i.USBD_HS_InterfaceStrDescriptor)
    USBD_HS_LangIDStrDescriptor              0x08002b11   Thumb Code     8  usbd_desc.o(i.USBD_HS_LangIDStrDescriptor)
    USBD_HS_ManufacturerStrDescriptor        0x08002b1d   Thumb Code    16  usbd_desc.o(i.USBD_HS_ManufacturerStrDescriptor)
    USBD_HS_ProductStrDescriptor             0x08002b45   Thumb Code    16  usbd_desc.o(i.USBD_HS_ProductStrDescriptor)
    USBD_HS_SerialStrDescriptor              0x08002b71   Thumb Code    16  usbd_desc.o(i.USBD_HS_SerialStrDescriptor)
    USBD_HS_USR_BOSDescriptor                0x08002b95   Thumb Code     8  usbd_desc.o(i.USBD_HS_USR_BOSDescriptor)
    USBD_Init                                0x08002ba1   Thumb Code    42  usbd_core.o(i.USBD_Init)
    USBD_LL_ClearStallEP                     0x08002bcb   Thumb Code    14  usbd_conf.o(i.USBD_LL_ClearStallEP)
    USBD_LL_CloseEP                          0x08002bd9   Thumb Code    14  usbd_conf.o(i.USBD_LL_CloseEP)
    USBD_LL_DataInStage                      0x08002be7   Thumb Code   170  usbd_core.o(i.USBD_LL_DataInStage)
    USBD_LL_DataOutStage                     0x08002c91   Thumb Code   106  usbd_core.o(i.USBD_LL_DataOutStage)
    USBD_LL_DevConnected                     0x08002cfb   Thumb Code     4  usbd_core.o(i.USBD_LL_DevConnected)
    USBD_LL_DevDisconnected                  0x08002cff   Thumb Code    22  usbd_core.o(i.USBD_LL_DevDisconnected)
    USBD_LL_Init                             0x08002d15   Thumb Code    98  usbd_conf.o(i.USBD_LL_Init)
    USBD_LL_IsStallEP                        0x08002d81   Thumb Code    32  usbd_conf.o(i.USBD_LL_IsStallEP)
    USBD_LL_IsoINIncomplete                  0x08002da1   Thumb Code     4  usbd_core.o(i.USBD_LL_IsoINIncomplete)
    USBD_LL_IsoOUTIncomplete                 0x08002da5   Thumb Code     4  usbd_core.o(i.USBD_LL_IsoOUTIncomplete)
    USBD_LL_OpenEP                           0x08002da9   Thumb Code    20  usbd_conf.o(i.USBD_LL_OpenEP)
    USBD_LL_PrepareReceive                   0x08002dbd   Thumb Code    14  usbd_conf.o(i.USBD_LL_PrepareReceive)
    USBD_LL_Reset                            0x08002dcb   Thumb Code    64  usbd_core.o(i.USBD_LL_Reset)
    USBD_LL_Resume                           0x08002e0b   Thumb Code    12  usbd_core.o(i.USBD_LL_Resume)
    USBD_LL_SOF                              0x08002e17   Thumb Code    24  usbd_core.o(i.USBD_LL_SOF)
    USBD_LL_SetSpeed                         0x08002e2f   Thumb Code     6  usbd_core.o(i.USBD_LL_SetSpeed)
    USBD_LL_SetUSBAddress                    0x08002e35   Thumb Code    14  usbd_conf.o(i.USBD_LL_SetUSBAddress)
    USBD_LL_SetupStage                       0x08002e43   Thumb Code    86  usbd_core.o(i.USBD_LL_SetupStage)
    USBD_LL_StallEP                          0x08002e99   Thumb Code    14  usbd_conf.o(i.USBD_LL_StallEP)
    USBD_LL_Start                            0x08002ea7   Thumb Code    14  usbd_conf.o(i.USBD_LL_Start)
    USBD_LL_Suspend                          0x08002eb5   Thumb Code    18  usbd_core.o(i.USBD_LL_Suspend)
    USBD_LL_Transmit                         0x08002ec7   Thumb Code    14  usbd_conf.o(i.USBD_LL_Transmit)
    USBD_ParseSetupRequest                   0x08002ed5   Thumb Code    40  usbd_ctlreq.o(i.USBD_ParseSetupRequest)
    USBD_RegisterClass                       0x08002efd   Thumb Code    18  usbd_core.o(i.USBD_RegisterClass)
    USBD_SetClassConfig                      0x08002f0f   Thumb Code    22  usbd_core.o(i.USBD_SetClassConfig)
    USBD_Start                               0x08002f99   Thumb Code    10  usbd_core.o(i.USBD_Start)
    USBD_StdDevReq                           0x08002fa3   Thumb Code   242  usbd_ctlreq.o(i.USBD_StdDevReq)
    USBD_StdEPReq                            0x08003095   Thumb Code   222  usbd_ctlreq.o(i.USBD_StdEPReq)
    USBD_StdItfReq                           0x08003173   Thumb Code    52  usbd_ctlreq.o(i.USBD_StdItfReq)
    USB_ActivateEndpoint                     0x080031a9   Thumb Code   124  stm32f7xx_ll_usb.o(i.USB_ActivateEndpoint)
    USB_ActivateSetup                        0x08003229   Thumb Code    52  stm32f7xx_ll_usb.o(i.USB_ActivateSetup)
    USB_CoreInit                             0x0800325d   Thumb Code   106  stm32f7xx_ll_usb.o(i.USB_CoreInit)
    USB_DeactivateEndpoint                   0x08003305   Thumb Code   110  stm32f7xx_ll_usb.o(i.USB_DeactivateEndpoint)
    USB_DevConnect                           0x08003373   Thumb Code    24  stm32f7xx_ll_usb.o(i.USB_DevConnect)
    USB_DevDisconnect                        0x0800338b   Thumb Code    24  stm32f7xx_ll_usb.o(i.USB_DevDisconnect)
    USB_DevInit                              0x080033a5   Thumb Code   330  stm32f7xx_ll_usb.o(i.USB_DevInit)
    USB_DisableGlobalInt                     0x08003501   Thumb Code    12  stm32f7xx_ll_usb.o(i.USB_DisableGlobalInt)
    USB_EP0StartXfer                         0x0800350d   Thumb Code   316  stm32f7xx_ll_usb.o(i.USB_EP0StartXfer)
    USB_EP0_OutStart                         0x0800364d   Thumb Code    62  stm32f7xx_ll_usb.o(i.USB_EP0_OutStart)
    USB_EPClearStall                         0x0800368b   Thumb Code   100  stm32f7xx_ll_usb.o(i.USB_EPClearStall)
    USB_EPSetStall                           0x080036ef   Thumb Code    94  stm32f7xx_ll_usb.o(i.USB_EPSetStall)
    USB_EPStartXfer                          0x0800374d   Thumb Code   534  stm32f7xx_ll_usb.o(i.USB_EPStartXfer)
    USB_EnableGlobalInt                      0x08003969   Thumb Code    12  stm32f7xx_ll_usb.o(i.USB_EnableGlobalInt)
    USB_FlushRxFifo                          0x08003975   Thumb Code    28  stm32f7xx_ll_usb.o(i.USB_FlushRxFifo)
    USB_FlushTxFifo                          0x08003995   Thumb Code    32  stm32f7xx_ll_usb.o(i.USB_FlushTxFifo)
    USB_GetDevSpeed                          0x080039b9   Thumb Code    62  stm32f7xx_ll_usb.o(i.USB_GetDevSpeed)
    USB_GetMode                              0x080039f7   Thumb Code     8  stm32f7xx_ll_usb.o(i.USB_GetMode)
    USB_ReadDevAllInEpInterrupt              0x080039ff   Thumb Code    14  stm32f7xx_ll_usb.o(i.USB_ReadDevAllInEpInterrupt)
    USB_ReadDevAllOutEpInterrupt             0x08003a0d   Thumb Code    14  stm32f7xx_ll_usb.o(i.USB_ReadDevAllOutEpInterrupt)
    USB_ReadDevInEPInterrupt                 0x08003a1b   Thumb Code    32  stm32f7xx_ll_usb.o(i.USB_ReadDevInEPInterrupt)
    USB_ReadDevOutEPInterrupt                0x08003a3b   Thumb Code    16  stm32f7xx_ll_usb.o(i.USB_ReadDevOutEPInterrupt)
    USB_ReadInterrupts                       0x08003a4b   Thumb Code     8  stm32f7xx_ll_usb.o(i.USB_ReadInterrupts)
    USB_ReadPacket                           0x08003a53   Thumb Code    30  stm32f7xx_ll_usb.o(i.USB_ReadPacket)
    USB_SetCurrentMode                       0x08003a71   Thumb Code    44  stm32f7xx_ll_usb.o(i.USB_SetCurrentMode)
    USB_SetDevAddress                        0x08003a9d   Thumb Code    34  stm32f7xx_ll_usb.o(i.USB_SetDevAddress)
    USB_WritePacket                          0x08003ac1   Thumb Code    44  stm32f7xx_ll_usb.o(i.USB_WritePacket)
    __scatterload_copy                       0x08003aed   Thumb Code    14  handlers.o(i.__scatterload_copy)
    __scatterload_null                       0x08003afb   Thumb Code     2  handlers.o(i.__scatterload_null)
    __scatterload_zeroinit                   0x08003afd   Thumb Code    14  handlers.o(i.__scatterload_zeroinit)
    free                                     0x08003b0d   Thumb Code    76  malloc.o(i.free)
    main                                     0x08003b5d   Thumb Code    22  main.o(i.main)
    malloc                                   0x08003b75   Thumb Code    92  malloc.o(i.malloc)
    AHBPrescTable                            0x08003be0   Data          16  system_stm32f7xx.o(.constdata)
    APBPrescTable                            0x08003bf0   Data           8  system_stm32f7xx.o(.constdata)
    Region$$Table$$Base                      0x08003bf8   Number         0  anon$$obj.o(Region$$Table)
    Region$$Table$$Limit                     0x08003c18   Number         0  anon$$obj.o(Region$$Table)
    uwTick                                   0x20000000   Data           4  stm32f7xx_hal.o(.data)
    HS_Desc                                  0x20000004   Data          32  usbd_desc.o(.data)
    USBD_LangIDDesc                          0x20000024   Data           4  usbd_desc.o(.data)
    USBD_HS_DeviceDesc                       0x20000028   Data          18  usbd_desc.o(.data)
    USBD_HS_BOSDesc                          0x2000003c   Data          12  usbd_desc.o(.data)
    SystemCoreClock                          0x20000048   Data           4  system_stm32f7xx.o(.data)
    USBD_HID                                 0x2000004c   Data          56  usbd_hid.o(.data)
    __microlib_freelist                      0x2000010c   Data           4  mvars.o(.data)
    __microlib_freelist_initialised          0x20000110   Data           4  mvars.o(.data)
    huart3                                   0x20000114   Data         112  main.o(.bss)
    hpcd_USB_OTG_HS                          0x20000184   Data         960  usbd_conf.o(.bss)
    hUsbDeviceHS                             0x20000544   Data         548  usb_device.o(.bss)
    USBD_StrDesc                             0x20000768   Data         512  usbd_desc.o(.bss)
    htim7                                    0x20000968   Data          60  stm32f7xx_hal_timebase_tim.o(.bss)
    __heap_base                              0x200009a8   Data           0  startup_stm32f746xx.o(HEAP)
    __heap_limit                             0x200051a8   Data           0  startup_stm32f746xx.o(HEAP)
    __initial_sp                             0x200075a8   Data           0  startup_stm32f746xx.o(STACK)



==============================================================================

Memory Map of the image

  Image Entry point : 0x080001c9

  Load Region LR_IROM1 (Base: 0x08000000, Size: 0x00003d2c, Max: 0x00100000, ABSOLUTE)

    Execution Region ER_IROM1 (Base: 0x08000000, Size: 0x00003c18, Max: 0x00100000, ABSOLUTE)

    Base Addr    Size         Type   Attr      Idx    E Section Name        Object

    0x08000000   0x000001c8   Data   RO         3888    RESET               startup_stm32f746xx.o
    0x080001c8   0x00000000   Code   RO         4223  * .ARM.Collect$$$$00000000  mc_w.l(entry.o)
    0x080001c8   0x00000004   Code   RO         4258    .ARM.Collect$$$$00000001  mc_w.l(entry2.o)
    0x080001cc   0x00000004   Code   RO         4261    .ARM.Collect$$$$00000004  mc_w.l(entry5.o)
    0x080001d0   0x00000000   Code   RO         4263    .ARM.Collect$$$$00000008  mc_w.l(entry7b.o)
    0x080001d0   0x00000000   Code   RO         4265    .ARM.Collect$$$$0000000A  mc_w.l(entry8b.o)
    0x080001d0   0x00000008   Code   RO         4266    .ARM.Collect$$$$0000000B  mc_w.l(entry9a.o)
    0x080001d8   0x00000000   Code   RO         4268    .ARM.Collect$$$$0000000D  mc_w.l(entry10a.o)
    0x080001d8   0x00000000   Code   RO         4270    .ARM.Collect$$$$0000000F  mc_w.l(entry11a.o)
    0x080001d8   0x00000004   Code   RO         4259    .ARM.Collect$$$$00002712  mc_w.l(entry2.o)
    0x080001dc   0x00000024   Code   RO         3889    .text               startup_stm32f746xx.o
    0x08000200   0x00000024   Code   RO         4226    .text               mc_w.l(memcpya.o)
    0x08000224   0x00000024   Code   RO         4274    .text               mc_w.l(init.o)
    0x08000248   0x00000018   Code   RO         3388    i.Error_Handler     main.o
    0x08000260   0x00000016   Code   RO          594    i.HAL_Delay         stm32f7xx_hal.o
    0x08000276   0x00000002   PAD
    0x08000278   0x000001d8   Code   RO         2501    i.HAL_GPIO_Init     stm32f7xx_hal_gpio.o
    0x08000450   0x00000008   Code   RO         2504    i.HAL_GPIO_TogglePin  stm32f7xx_hal_gpio.o
    0x08000458   0x0000000a   Code   RO         2505    i.HAL_GPIO_WritePin  stm32f7xx_hal_gpio.o
    0x08000462   0x00000002   PAD
    0x08000464   0x0000000c   Code   RO          602    i.HAL_GetTick       stm32f7xx_hal.o
    0x08000470   0x00000010   Code   RO          603    i.HAL_IncTick       stm32f7xx_hal.o
    0x08000480   0x00000016   Code   RO          604    i.HAL_Init          stm32f7xx_hal.o
    0x08000496   0x00000002   PAD
    0x08000498   0x00000074   Code   RO         3811    i.HAL_InitTick      stm32f7xx_hal_timebase_tim.o
    0x0800050c   0x00000058   Code   RO         3775    i.HAL_MspInit       stm32f7xx_hal_msp.o
    0x08000564   0x00000016   Code   RO         2276    i.HAL_NVIC_EnableIRQ  stm32f7xx_hal_cortex.o
    0x0800057a   0x00000002   PAD
    0x0800057c   0x00000040   Code   RO         2282    i.HAL_NVIC_SetPriority  stm32f7xx_hal_cortex.o
    0x080005bc   0x00000024   Code   RO         2283    i.HAL_NVIC_SetPriorityGrouping  stm32f7xx_hal_cortex.o
    0x080005e0   0x00000028   Code   RO         2010    i.HAL_PCDEx_ActivateLPM  stm32f7xx_hal_pcd_ex.o
    0x08000608   0x00000060   Code   RO         3459    i.HAL_PCDEx_LPM_Callback  usbd_conf.o
    0x08000668   0x00000008   Code   RO         2013    i.HAL_PCDEx_SetRxFiFo  stm32f7xx_hal_pcd_ex.o
    0x08000670   0x00000048   Code   RO         2014    i.HAL_PCDEx_SetTxFiFo  stm32f7xx_hal_pcd_ex.o
    0x080006b8   0x00000008   Code   RO         3460    i.HAL_PCD_ConnectCallback  usbd_conf.o
    0x080006c0   0x00000012   Code   RO         3461    i.HAL_PCD_DataInStageCallback  usbd_conf.o
    0x080006d2   0x00000014   Code   RO         3462    i.HAL_PCD_DataOutStageCallback  usbd_conf.o
    0x080006e6   0x00000008   Code   RO         3463    i.HAL_PCD_DisconnectCallback  usbd_conf.o
    0x080006ee   0x00000044   Code   RO         2067    i.HAL_PCD_EP_Close  stm32f7xx_hal_pcd.o
    0x08000732   0x00000050   Code   RO         2068    i.HAL_PCD_EP_ClrStall  stm32f7xx_hal_pcd.o
    0x08000782   0x00000056   Code   RO         2071    i.HAL_PCD_EP_Open   stm32f7xx_hal_pcd.o
    0x080007d8   0x0000005e   Code   RO         2072    i.HAL_PCD_EP_Receive  stm32f7xx_hal_pcd.o
    0x08000836   0x00000060   Code   RO         2073    i.HAL_PCD_EP_SetStall  stm32f7xx_hal_pcd.o
    0x08000896   0x00000002   PAD
    0x08000898   0x0000005c   Code   RO         2074    i.HAL_PCD_EP_Transmit  stm32f7xx_hal_pcd.o
    0x080008f4   0x0000053c   Code   RO         2076    i.HAL_PCD_IRQHandler  stm32f7xx_hal_pcd.o
    0x08000e30   0x00000008   Code   RO         3464    i.HAL_PCD_ISOINIncompleteCallback  usbd_conf.o
    0x08000e38   0x00000008   Code   RO         3465    i.HAL_PCD_ISOOUTIncompleteCallback  usbd_conf.o
    0x08000e40   0x000000d0   Code   RO         2079    i.HAL_PCD_Init      stm32f7xx_hal_pcd.o
    0x08000f10   0x0000008c   Code   RO         3467    i.HAL_PCD_MspInit   usbd_conf.o
    0x08000f9c   0x00000020   Code   RO         3468    i.HAL_PCD_ResetCallback  usbd_conf.o
    0x08000fbc   0x00000008   Code   RO         3469    i.HAL_PCD_ResumeCallback  usbd_conf.o
    0x08000fc4   0x00000008   Code   RO         3470    i.HAL_PCD_SOFCallback  usbd_conf.o
    0x08000fcc   0x00000024   Code   RO         2085    i.HAL_PCD_SetAddress  stm32f7xx_hal_pcd.o
    0x08000ff0   0x0000000e   Code   RO         3471    i.HAL_PCD_SetupStageCallback  usbd_conf.o
    0x08000ffe   0x0000002a   Code   RO         2087    i.HAL_PCD_Start     stm32f7xx_hal_pcd.o
    0x08001028   0x00000030   Code   RO         3472    i.HAL_PCD_SuspendCallback  usbd_conf.o
    0x08001058   0x0000006c   Code   RO         1496    i.HAL_PWREx_EnableOverDrive  stm32f7xx_hal_pwr_ex.o
    0x080010c4   0x000006b4   Code   RO         3302    i.HAL_RCCEx_PeriphCLKConfig  stm32f7xx_hal_rcc_ex.o
    0x08001778   0x00000164   Code   RO         2397    i.HAL_RCC_ClockConfig  stm32f7xx_hal_rcc.o
    0x080018dc   0x00000040   Code   RO         2401    i.HAL_RCC_GetClockConfig  stm32f7xx_hal_rcc.o
    0x0800191c   0x0000000c   Code   RO         2402    i.HAL_RCC_GetHCLKFreq  stm32f7xx_hal_rcc.o
    0x08001928   0x00000030   Code   RO         2404    i.HAL_RCC_GetPCLK1Freq  stm32f7xx_hal_rcc.o
    0x08001958   0x00000030   Code   RO         2405    i.HAL_RCC_GetPCLK2Freq  stm32f7xx_hal_rcc.o
    0x08001988   0x00000080   Code   RO         2406    i.HAL_RCC_GetSysClockFreq  stm32f7xx_hal_rcc.o
    0x08001a08   0x00000320   Code   RO         2409    i.HAL_RCC_OscConfig  stm32f7xx_hal_rcc.o
    0x08001d28   0x00000018   Code   RO         2285    i.HAL_SYSTICK_CLKSourceConfig  stm32f7xx_hal_cortex.o
    0x08001d40   0x00000002   Code   RO         2286    i.HAL_SYSTICK_Callback  stm32f7xx_hal_cortex.o
    0x08001d42   0x00000026   Code   RO         2287    i.HAL_SYSTICK_Config  stm32f7xx_hal_cortex.o
    0x08001d68   0x00000008   Code   RO         2288    i.HAL_SYSTICK_IRQHandler  stm32f7xx_hal_cortex.o
    0x08001d70   0x00000002   Code   RO         2748    i.HAL_TIMEx_BreakCallback  stm32f7xx_hal_tim_ex.o
    0x08001d72   0x00000002   Code   RO         2749    i.HAL_TIMEx_CommutationCallback  stm32f7xx_hal_tim_ex.o
    0x08001d74   0x00000030   Code   RO          854    i.HAL_TIM_Base_Init  stm32f7xx_hal_tim.o
    0x08001da4   0x00000002   Code   RO          856    i.HAL_TIM_Base_MspInit  stm32f7xx_hal_tim.o
    0x08001da6   0x00000018   Code   RO          859    i.HAL_TIM_Base_Start_IT  stm32f7xx_hal_tim.o
    0x08001dbe   0x00000002   Code   RO          883    i.HAL_TIM_IC_CaptureCallback  stm32f7xx_hal_tim.o
    0x08001dc0   0x0000017e   Code   RO          896    i.HAL_TIM_IRQHandler  stm32f7xx_hal_tim.o
    0x08001f3e   0x00000002   Code   RO          899    i.HAL_TIM_OC_DelayElapsedCallback  stm32f7xx_hal_tim.o
    0x08001f40   0x00000002   Code   RO          926    i.HAL_TIM_PWM_PulseFinishedCallback  stm32f7xx_hal_tim.o
    0x08001f42   0x00000002   PAD
    0x08001f44   0x00000014   Code   RO         3389    i.HAL_TIM_PeriodElapsedCallback  main.o
    0x08001f58   0x00000002   Code   RO          937    i.HAL_TIM_TriggerCallback  stm32f7xx_hal_tim.o
    0x08001f5a   0x0000006a   Code   RO         3040    i.HAL_UART_Init     stm32f7xx_hal_uart.o
    0x08001fc4   0x00000048   Code   RO         3777    i.HAL_UART_MspInit  stm32f7xx_hal_msp.o
    0x0800200c   0x000000fc   Code   RO         3390    i.MX_GPIO_Init      main.o
    0x08002108   0x00000038   Code   RO         3391    i.MX_USART3_UART_Init  main.o
    0x08002140   0x0000002c   Code   RO         3663    i.MX_USB_DEVICE_Init  usb_device.o
    0x0800216c   0x00000022   Code   RO         2289    i.NVIC_SetPriority  stm32f7xx_hal_cortex.o
    0x0800218e   0x00000002   PAD
    0x08002190   0x0000000c   Code   RO         3336    i.OTG_HS_IRQHandler  stm32f7xx_it.o
    0x0800219c   0x00000096   Code   RO         2090    i.PCD_WriteEmptyTxFifo  stm32f7xx_hal_pcd.o
    0x08002232   0x00000002   Code   RO         3337    i.PendSV_Handler    stm32f7xx_it.o
    0x08002234   0x00000002   Code   RO         3338    i.SVC_Handler       stm32f7xx_it.o
    0x08002236   0x00000004   Code   RO         3339    i.SysTick_Handler   stm32f7xx_it.o
    0x0800223a   0x00000002   PAD
    0x0800223c   0x000000b0   Code   RO         3392    i.SystemClock_Config  main.o
    0x080022ec   0x00000054   Code   RO         3852    i.SystemInit        system_stm32f7xx.o
    0x08002340   0x0000000c   Code   RO         3340    i.TIM7_IRQHandler   stm32f7xx_it.o
    0x0800234c   0x000000c4   Code   RO          938    i.TIM_Base_SetConfig  stm32f7xx_hal_tim.o
    0x08002410   0x000000c8   Code   RO         3053    i.UART_AdvFeatureConfig  stm32f7xx_hal_uart.o
    0x080024d8   0x0000005c   Code   RO         3054    i.UART_CheckIdleState  stm32f7xx_hal_uart.o
    0x08002534   0x00000258   Code   RO         3064    i.UART_SetConfig    stm32f7xx_hal_uart.o
    0x0800278c   0x00000064   Code   RO         3065    i.UART_WaitOnFlagUntilTimeout  stm32f7xx_hal_uart.o
    0x080027f0   0x0000000e   Code   RO         4088    i.USBD_ClrClassConfig  usbd_core.o
    0x080027fe   0x00000010   Code   RO         4028    i.USBD_CtlContinueRx  usbd_ioreq.o
    0x0800280e   0x00000010   Code   RO         4029    i.USBD_CtlContinueSendData  usbd_ioreq.o
    0x0800281e   0x00000016   Code   RO         3963    i.USBD_CtlError     usbd_ctlreq.o
    0x08002834   0x00000016   Code   RO         4031    i.USBD_CtlReceiveStatus  usbd_ioreq.o
    0x0800284a   0x0000001a   Code   RO         4032    i.USBD_CtlSendData  usbd_ioreq.o
    0x08002864   0x00000016   Code   RO         4033    i.USBD_CtlSendStatus  usbd_ioreq.o
    0x0800287a   0x000000f6   Code   RO         3964    i.USBD_GetDescriptor  usbd_ctlreq.o
    0x08002970   0x00000048   Code   RO         3965    i.USBD_GetString    usbd_ctlreq.o
    0x080029b8   0x0000000a   Code   RO         3896    i.USBD_HID_DataIn   usbd_hid.o
    0x080029c2   0x0000001e   Code   RO         3897    i.USBD_HID_DeInit   usbd_hid.o
    0x080029e0   0x0000000c   Code   RO         3898    i.USBD_HID_GetCfgDesc  usbd_hid.o
    0x080029ec   0x0000000c   Code   RO         3899    i.USBD_HID_GetDeviceQualifierDesc  usbd_hid.o
    0x080029f8   0x00000028   Code   RO         3901    i.USBD_HID_Init     usbd_hid.o
    0x08002a20   0x000000a0   Code   RO         3903    i.USBD_HID_Setup    usbd_hid.o
    0x08002ac0   0x00000020   Code   RO         3701    i.USBD_HS_ConfigStrDescriptor  usbd_desc.o
    0x08002ae0   0x0000000c   Code   RO         3702    i.USBD_HS_DeviceDescriptor  usbd_desc.o
    0x08002aec   0x00000024   Code   RO         3703    i.USBD_HS_InterfaceStrDescriptor  usbd_desc.o
    0x08002b10   0x0000000c   Code   RO         3704    i.USBD_HS_LangIDStrDescriptor  usbd_desc.o
    0x08002b1c   0x00000028   Code   RO         3705    i.USBD_HS_ManufacturerStrDescriptor  usbd_desc.o
    0x08002b44   0x0000002c   Code   RO         3706    i.USBD_HS_ProductStrDescriptor  usbd_desc.o
    0x08002b70   0x00000024   Code   RO         3707    i.USBD_HS_SerialStrDescriptor  usbd_desc.o
    0x08002b94   0x0000000c   Code   RO         3708    i.USBD_HS_USR_BOSDescriptor  usbd_desc.o
    0x08002ba0   0x0000002a   Code   RO         4090    i.USBD_Init         usbd_core.o
    0x08002bca   0x0000000e   Code   RO         3473    i.USBD_LL_ClearStallEP  usbd_conf.o
    0x08002bd8   0x0000000e   Code   RO         3474    i.USBD_LL_CloseEP   usbd_conf.o
    0x08002be6   0x000000aa   Code   RO         4091    i.USBD_LL_DataInStage  usbd_core.o
    0x08002c90   0x0000006a   Code   RO         4092    i.USBD_LL_DataOutStage  usbd_core.o
    0x08002cfa   0x00000004   Code   RO         4093    i.USBD_LL_DevConnected  usbd_core.o
    0x08002cfe   0x00000016   Code   RO         4094    i.USBD_LL_DevDisconnected  usbd_core.o
    0x08002d14   0x0000006c   Code   RO         3479    i.USBD_LL_Init      usbd_conf.o
    0x08002d80   0x00000020   Code   RO         3480    i.USBD_LL_IsStallEP  usbd_conf.o
    0x08002da0   0x00000004   Code   RO         4095    i.USBD_LL_IsoINIncomplete  usbd_core.o
    0x08002da4   0x00000004   Code   RO         4096    i.USBD_LL_IsoOUTIncomplete  usbd_core.o
    0x08002da8   0x00000014   Code   RO         3481    i.USBD_LL_OpenEP    usbd_conf.o
    0x08002dbc   0x0000000e   Code   RO         3482    i.USBD_LL_PrepareReceive  usbd_conf.o
    0x08002dca   0x00000040   Code   RO         4097    i.USBD_LL_Reset     usbd_core.o
    0x08002e0a   0x0000000c   Code   RO         4098    i.USBD_LL_Resume    usbd_core.o
    0x08002e16   0x00000018   Code   RO         4099    i.USBD_LL_SOF       usbd_core.o
    0x08002e2e   0x00000006   Code   RO         4100    i.USBD_LL_SetSpeed  usbd_core.o
    0x08002e34   0x0000000e   Code   RO         3483    i.USBD_LL_SetUSBAddress  usbd_conf.o
    0x08002e42   0x00000056   Code   RO         4101    i.USBD_LL_SetupStage  usbd_core.o
    0x08002e98   0x0000000e   Code   RO         3484    i.USBD_LL_StallEP   usbd_conf.o
    0x08002ea6   0x0000000e   Code   RO         3485    i.USBD_LL_Start     usbd_conf.o
    0x08002eb4   0x00000012   Code   RO         4102    i.USBD_LL_Suspend   usbd_core.o
    0x08002ec6   0x0000000e   Code   RO         3487    i.USBD_LL_Transmit  usbd_conf.o
    0x08002ed4   0x00000028   Code   RO         3966    i.USBD_ParseSetupRequest  usbd_ctlreq.o
    0x08002efc   0x00000012   Code   RO         4103    i.USBD_RegisterClass  usbd_core.o
    0x08002f0e   0x00000016   Code   RO         4105    i.USBD_SetClassConfig  usbd_core.o
    0x08002f24   0x00000074   Code   RO         3967    i.USBD_SetConfig    usbd_ctlreq.o
    0x08002f98   0x0000000a   Code   RO         4106    i.USBD_Start        usbd_core.o
    0x08002fa2   0x000000f2   Code   RO         3968    i.USBD_StdDevReq    usbd_ctlreq.o
    0x08003094   0x000000de   Code   RO         3969    i.USBD_StdEPReq     usbd_ctlreq.o
    0x08003172   0x00000034   Code   RO         3970    i.USBD_StdItfReq    usbd_ctlreq.o
    0x080031a6   0x00000002   PAD
    0x080031a8   0x00000080   Code   RO          305    i.USB_ActivateEndpoint  stm32f7xx_ll_usb.o
    0x08003228   0x00000034   Code   RO          306    i.USB_ActivateSetup  stm32f7xx_ll_usb.o
    0x0800325c   0x00000070   Code   RO          308    i.USB_CoreInit      stm32f7xx_ll_usb.o
    0x080032cc   0x00000038   Code   RO          309    i.USB_CoreReset     stm32f7xx_ll_usb.o
    0x08003304   0x0000006e   Code   RO          311    i.USB_DeactivateEndpoint  stm32f7xx_ll_usb.o
    0x08003372   0x00000018   Code   RO          312    i.USB_DevConnect    stm32f7xx_ll_usb.o
    0x0800338a   0x00000018   Code   RO          313    i.USB_DevDisconnect  stm32f7xx_ll_usb.o
    0x080033a2   0x00000002   PAD
    0x080033a4   0x0000015c   Code   RO          314    i.USB_DevInit       stm32f7xx_ll_usb.o
    0x08003500   0x0000000c   Code   RO          315    i.USB_DisableGlobalInt  stm32f7xx_ll_usb.o
    0x0800350c   0x00000140   Code   RO          318    i.USB_EP0StartXfer  stm32f7xx_ll_usb.o
    0x0800364c   0x0000003e   Code   RO          319    i.USB_EP0_OutStart  stm32f7xx_ll_usb.o
    0x0800368a   0x00000064   Code   RO          320    i.USB_EPClearStall  stm32f7xx_ll_usb.o
    0x080036ee   0x0000005e   Code   RO          321    i.USB_EPSetStall    stm32f7xx_ll_usb.o
    0x0800374c   0x0000021c   Code   RO          322    i.USB_EPStartXfer   stm32f7xx_ll_usb.o
    0x08003968   0x0000000c   Code   RO          323    i.USB_EnableGlobalInt  stm32f7xx_ll_usb.o
    0x08003974   0x00000020   Code   RO          324    i.USB_FlushRxFifo   stm32f7xx_ll_usb.o
    0x08003994   0x00000024   Code   RO          325    i.USB_FlushTxFifo   stm32f7xx_ll_usb.o
    0x080039b8   0x0000003e   Code   RO          327    i.USB_GetDevSpeed   stm32f7xx_ll_usb.o
    0x080039f6   0x00000008   Code   RO          329    i.USB_GetMode       stm32f7xx_ll_usb.o
    0x080039fe   0x0000000e   Code   RO          336    i.USB_ReadDevAllInEpInterrupt  stm32f7xx_ll_usb.o
    0x08003a0c   0x0000000e   Code   RO          337    i.USB_ReadDevAllOutEpInterrupt  stm32f7xx_ll_usb.o
    0x08003a1a   0x00000020   Code   RO          338    i.USB_ReadDevInEPInterrupt  stm32f7xx_ll_usb.o
    0x08003a3a   0x00000010   Code   RO          339    i.USB_ReadDevOutEPInterrupt  stm32f7xx_ll_usb.o
    0x08003a4a   0x00000008   Code   RO          340    i.USB_ReadInterrupts  stm32f7xx_ll_usb.o
    0x08003a52   0x0000001e   Code   RO          341    i.USB_ReadPacket    stm32f7xx_ll_usb.o
    0x08003a70   0x0000002c   Code   RO          343    i.USB_SetCurrentMode  stm32f7xx_ll_usb.o
    0x08003a9c   0x00000022   Code   RO          344    i.USB_SetDevAddress  stm32f7xx_ll_usb.o
    0x08003abe   0x00000002   PAD
    0x08003ac0   0x0000002c   Code   RO          348    i.USB_WritePacket   stm32f7xx_ll_usb.o
    0x08003aec   0x0000000e   Code   RO         4278    i.__scatterload_copy  mc_w.l(handlers.o)
    0x08003afa   0x00000002   Code   RO         4279    i.__scatterload_null  mc_w.l(handlers.o)
    0x08003afc   0x0000000e   Code   RO         4280    i.__scatterload_zeroinit  mc_w.l(handlers.o)
    0x08003b0a   0x00000002   PAD
    0x08003b0c   0x00000050   Code   RO         4230    i.free              mc_w.l(malloc.o)
    0x08003b5c   0x00000016   Code   RO         3393    i.main              main.o
    0x08003b72   0x00000002   PAD
    0x08003b74   0x0000006c   Code   RO         4231    i.malloc            mc_w.l(malloc.o)
    0x08003be0   0x00000010   Data   RO         3853    .constdata          system_stm32f7xx.o
    0x08003bf0   0x00000008   Data   RO         3854    .constdata          system_stm32f7xx.o
    0x08003bf8   0x00000020   Data   RO         4276    Region$$Table       anon$$obj.o


    Execution Region RW_IRAM1 (Base: 0x20000000, Size: 0x000075a8, Max: 0x00050000, ABSOLUTE)

    Base Addr    Size         Type   Attr      Idx    E Section Name        Object

    0x20000000   0x00000004   Data   RW          610    .data               stm32f7xx_hal.o
    0x20000004   0x00000020   Data   RW         3710    .data               usbd_desc.o
    0x20000024   0x00000024   Data   RW         3711    .data               usbd_desc.o
    0x20000048   0x00000004   Data   RW         3855    .data               system_stm32f7xx.o
    0x2000004c   0x00000038   Data   RW         3904    .data               usbd_hid.o
    0x20000084   0x00000086   Data   RW         3905    .data               usbd_hid.o
    0x2000010a   0x00000001   Data   RW         3971    .data               usbd_ctlreq.o
    0x2000010b   0x00000001   PAD
    0x2000010c   0x00000004   Data   RW         4272    .data               mc_w.l(mvars.o)
    0x20000110   0x00000004   Data   RW         4273    .data               mc_w.l(mvars.o)
    0x20000114   0x00000070   Zero   RW         3394    .bss                main.o
    0x20000184   0x000003c0   Zero   RW         3488    .bss                usbd_conf.o
    0x20000544   0x00000224   Zero   RW         3664    .bss                usb_device.o
    0x20000768   0x00000200   Zero   RW         3709    .bss                usbd_desc.o
    0x20000968   0x0000003c   Zero   RW         3814    .bss                stm32f7xx_hal_timebase_tim.o
    0x200009a4   0x00000004   PAD
    0x200009a8   0x00004800   Zero   RW         3887    HEAP                startup_stm32f746xx.o
    0x200051a8   0x00002400   Zero   RW         3886    STACK               startup_stm32f746xx.o


==============================================================================

Image component sizes


      Code (inc. data)   RO Data    RW Data    ZI Data      Debug   Object Name

       550         48          0          0        112       8325   main.o
        36          8        456          0      27648        800   startup_stm32f746xx.o
        72         12          0          4          0       3128   stm32f7xx_hal.o
       228         12          0          0          0      37213   stm32f7xx_hal_cortex.o
         0          0          0          0          0     410488   stm32f7xx_hal_flash.o
       490         54          0          0          0       3177   stm32f7xx_hal_gpio.o
       160         14          0          0          0       1497   stm32f7xx_hal_msp.o
      2292         72          0          0          0      10997   stm32f7xx_hal_pcd.o
       120          6          0          0          0       2492   stm32f7xx_hal_pcd_ex.o
       108          8          0          0          0       1264   stm32f7xx_hal_pwr_ex.o
      1456         78          0          0          0       6289   stm32f7xx_hal_rcc.o
      1716         16          0          0          0       2416   stm32f7xx_hal_rcc_ex.o
       660         46          0          0          0       7180   stm32f7xx_hal_tim.o
         4          0          0          0          0       1662   stm32f7xx_hal_tim_ex.o
       116         16          0          0         60       1444   stm32f7xx_hal_timebase_tim.o
      1098         70          0          0          0       5065   stm32f7xx_hal_uart.o
        32         12          0          0          0       2243   stm32f7xx_it.o
      2368         52          0          0          0      20272   stm32f7xx_ll_usb.o
        84         16         24          4          0       1455   system_stm32f7xx.o
        44         14          0          0        548        720   usb_device.o
       674         40          0          0        960      13855   usbd_conf.o
       626          0          0          0          0      11962   usbd_core.o
      1012         20          0          1          0       8036   usbd_ctlreq.o
       224        120          0         68        512       5771   usbd_desc.o
       264         12          0        190          0       6043   usbd_hid.o
       102          0          0          0          0       3812   usbd_ioreq.o

    ----------------------------------------------------------------------
     14560        746        512        268      29844     577606   Object Totals
         0          0         32          0          0          0   (incl. Generated)
        24          0          0          1          4          0   (incl. Padding)

    ----------------------------------------------------------------------

      Code (inc. data)   RO Data    RW Data    ZI Data      Debug   Library Member Name

         0          0          0          0          0          0   entry.o
         0          0          0          0          0          0   entry10a.o
         0          0          0          0          0          0   entry11a.o
         8          4          0          0          0          0   entry2.o
         4          0          0          0          0          0   entry5.o
         0          0          0          0          0          0   entry7b.o
         0          0          0          0          0          0   entry8b.o
         8          4          0          0          0          0   entry9a.o
        30          0          0          0          0          0   handlers.o
        36          8          0          0          0         68   init.o
       188         20          0          0          0        160   malloc.o
        36          0          0          0          0         68   memcpya.o
         0          0          0          8          0          0   mvars.o

    ----------------------------------------------------------------------
       312         36          0          8          0        296   Library Totals
         2          0          0          0          0          0   (incl. Padding)

    ----------------------------------------------------------------------

      Code (inc. data)   RO Data    RW Data    ZI Data      Debug   Library Name

       310         36          0          8          0        296   mc_w.l

    ----------------------------------------------------------------------
       312         36          0          8          0        296   Library Totals

    ----------------------------------------------------------------------

==============================================================================


      Code (inc. data)   RO Data    RW Data    ZI Data      Debug   

     14872        782        512        276      29844     562202   Grand Totals
     14872        782        512        276      29844     562202   ELF Image Totals
     14872        782        512        276          0          0   ROM Totals

==============================================================================

    Total RO  Size (Code + RO Data)                15384 (  15.02kB)
    Total RW  Size (RW Data + ZI Data)             30120 (  29.41kB)
    Total ROM Size (Code + RO Data + RW Data)      15660 (  15.29kB)

==============================================================================

